Archive member included to satisfy reference by file (symbol)

c:/program files (x86)/gnu tools arm embedded/7 2018-q2-update/bin/../lib/gcc/arm-none-eabi/7.3.1/../../../../arm-none-eabi/lib/thumb/v6-m\libc.a(lib_a-errno.o)
                              ../../lib/mbed/platform/mbed_retarget.o (__errno)
c:/program files (x86)/gnu tools arm embedded/7 2018-q2-update/bin/../lib/gcc/arm-none-eabi/7.3.1/../../../../arm-none-eabi/lib/thumb/v6-m\libc.a(lib_a-exit.o)
                              c:/program files (x86)/gnu tools arm embedded/7 2018-q2-update/bin/../lib/gcc/arm-none-eabi/7.3.1/../../../../arm-none-eabi/lib/thumb/v6-m/crt0.o (exit)
c:/program files (x86)/gnu tools arm embedded/7 2018-q2-update/bin/../lib/gcc/arm-none-eabi/7.3.1/../../../../arm-none-eabi/lib/thumb/v6-m\libc.a(lib_a-fclose.o)
                              ../../lib/mbed/platform/Stream.o (fclose)
c:/program files (x86)/gnu tools arm embedded/7 2018-q2-update/bin/../lib/gcc/arm-none-eabi/7.3.1/../../../../arm-none-eabi/lib/thumb/v6-m\libc.a(lib_a-fflush.o)
                              c:/program files (x86)/gnu tools arm embedded/7 2018-q2-update/bin/../lib/gcc/arm-none-eabi/7.3.1/../../../../arm-none-eabi/lib/thumb/v6-m\libc.a(lib_a-fclose.o) (__sflush_r)
c:/program files (x86)/gnu tools arm embedded/7 2018-q2-update/bin/../lib/gcc/arm-none-eabi/7.3.1/../../../../arm-none-eabi/lib/thumb/v6-m\libc.a(lib_a-fgetc.o)
                              ../../lib/mbed/platform/mbed_retarget.o (fgetc)
c:/program files (x86)/gnu tools arm embedded/7 2018-q2-update/bin/../lib/gcc/arm-none-eabi/7.3.1/../../../../arm-none-eabi/lib/thumb/v6-m\libc.a(lib_a-fgets.o)
                              ../../lib/mbed/platform/mbed_retarget.o (fgets)
c:/program files (x86)/gnu tools arm embedded/7 2018-q2-update/bin/../lib/gcc/arm-none-eabi/7.3.1/../../../../arm-none-eabi/lib/thumb/v6-m\libc.a(lib_a-findfp.o)
                              c:/program files (x86)/gnu tools arm embedded/7 2018-q2-update/bin/../lib/gcc/arm-none-eabi/7.3.1/../../../../arm-none-eabi/lib/thumb/v6-m\libc.a(lib_a-fclose.o) (__sinit)
c:/program files (x86)/gnu tools arm embedded/7 2018-q2-update/bin/../lib/gcc/arm-none-eabi/7.3.1/../../../../arm-none-eabi/lib/thumb/v6-m\libc.a(lib_a-fopen.o)
                              ../../lib/mbed/platform/mbed_retarget.o (fopen)
c:/program files (x86)/gnu tools arm embedded/7 2018-q2-update/bin/../lib/gcc/arm-none-eabi/7.3.1/../../../../arm-none-eabi/lib/thumb/v6-m\libc.a(lib_a-fputc.o)
                              ../../lib/mbed/platform/Stream.o (fputc)
c:/program files (x86)/gnu tools arm embedded/7 2018-q2-update/bin/../lib/gcc/arm-none-eabi/7.3.1/../../../../arm-none-eabi/lib/thumb/v6-m\libc.a(lib_a-fputs.o)
                              ../../lib/mbed/platform/Stream.o (fputs)
c:/program files (x86)/gnu tools arm embedded/7 2018-q2-update/bin/../lib/gcc/arm-none-eabi/7.3.1/../../../../arm-none-eabi/lib/thumb/v6-m\libc.a(lib_a-freer.o)
                              c:/program files (x86)/gnu tools arm embedded/7 2018-q2-update/bin/../lib/gcc/arm-none-eabi/7.3.1/../../../../arm-none-eabi/lib/thumb/v6-m\libc.a(lib_a-fclose.o) (_free_r)
c:/program files (x86)/gnu tools arm embedded/7 2018-q2-update/bin/../lib/gcc/arm-none-eabi/7.3.1/../../../../arm-none-eabi/lib/thumb/v6-m\libc.a(lib_a-fseek.o)
                              c:/program files (x86)/gnu tools arm embedded/7 2018-q2-update/bin/../lib/gcc/arm-none-eabi/7.3.1/../../../../arm-none-eabi/lib/thumb/v6-m\libc.a(lib_a-fopen.o) (_fseek_r)
c:/program files (x86)/gnu tools arm embedded/7 2018-q2-update/bin/../lib/gcc/arm-none-eabi/7.3.1/../../../../arm-none-eabi/lib/thumb/v6-m\libc.a(lib_a-fseeko.o)
                              c:/program files (x86)/gnu tools arm embedded/7 2018-q2-update/bin/../lib/gcc/arm-none-eabi/7.3.1/../../../../arm-none-eabi/lib/thumb/v6-m\libc.a(lib_a-fseek.o) (_fseeko_r)
c:/program files (x86)/gnu tools arm embedded/7 2018-q2-update/bin/../lib/gcc/arm-none-eabi/7.3.1/../../../../arm-none-eabi/lib/thumb/v6-m\libc.a(lib_a-fstatr.o)
                              c:/program files (x86)/gnu tools arm embedded/7 2018-q2-update/bin/../lib/gcc/arm-none-eabi/7.3.1/../../../../arm-none-eabi/lib/thumb/v6-m\libc.a(lib_a-fseeko.o) (_fstat_r)
c:/program files (x86)/gnu tools arm embedded/7 2018-q2-update/bin/../lib/gcc/arm-none-eabi/7.3.1/../../../../arm-none-eabi/lib/thumb/v6-m\libc.a(lib_a-fvwrite.o)
                              c:/program files (x86)/gnu tools arm embedded/7 2018-q2-update/bin/../lib/gcc/arm-none-eabi/7.3.1/../../../../arm-none-eabi/lib/thumb/v6-m\libc.a(lib_a-fputs.o) (__sfvwrite_r)
c:/program files (x86)/gnu tools arm embedded/7 2018-q2-update/bin/../lib/gcc/arm-none-eabi/7.3.1/../../../../arm-none-eabi/lib/thumb/v6-m\libc.a(lib_a-fwalk.o)
                              c:/program files (x86)/gnu tools arm embedded/7 2018-q2-update/bin/../lib/gcc/arm-none-eabi/7.3.1/../../../../arm-none-eabi/lib/thumb/v6-m\libc.a(lib_a-findfp.o) (_fwalk)
[...]
Memory Configuration

Name             Origin             Length             Attributes
FLASH            0x08000000         0x00040000         xr
RAM              0x200000c0         0x00007f40         xrw
*default*        0x00000000         0xffffffff

Linker script and memory map

LOAD c:/program files (x86)/gnu tools arm embedded/7 2018-q2-update/bin/../lib/gcc/arm-none-eabi/7.3.1/thumb/v6-m/crti.o
LOAD c:/program files (x86)/gnu tools arm embedded/7 2018-q2-update/bin/../lib/gcc/arm-none-eabi/7.3.1/thumb/v6-m/crtbegin.o
LOAD c:/program files (x86)/gnu tools arm embedded/7 2018-q2-update/bin/../lib/gcc/arm-none-eabi/7.3.1/../../../../arm-none-eabi/lib/thumb/v6-m/crt0.o
LOAD c:/program files (x86)/gnu tools arm embedded/7 2018-q2-update/bin/../lib/gcc/arm-none-eabi/7.3.1/../../../../arm-none-eabi/lib/thumb/v6-m\libm.a
LOAD ../../lib/canlib/src/canlib.o
LOAD ../../lib/mbed/hal/mbed_pinmap_common.o
LOAD ../../lib/mbed/hal/mbed_lp_ticker_api.o
LOAD ../../lib/mbed/hal/mbed_flash_api.o
LOAD ../../lib/mbed/hal/mbed_ticker_api.o
LOAD ../../lib/mbed/hal/mbed_us_ticker_api.o
LOAD ../../lib/mbed/hal/mbed_gpio.o
LOAD ../../lib/mbed/platform/mbed_assert.o
LOAD ../../lib/mbed/platform/mbed_error.o
LOAD ../../lib/mbed/platform/mbed_board.o
LOAD ../../lib/mbed/platform/mbed_semihost_api.o
LOAD ../../lib/mbed/platform/mbed_wait_api_no_rtos.o
LOAD ../../lib/mbed/platform/mbed_critical.o
LOAD ../../lib/mbed/platform/mbed_interface.o
LOAD ../../lib/mbed/platform/mbed_application.o
LOAD ../../lib/mbed/platform/mbed_mem_trace.o
LOAD ../../lib/mbed/platform/mbed_mktime.o
LOAD ../../lib/mbed/platform/mbed_stats.o
LOAD ../../lib/mbed/platform/mbed_sdk_boot.o
LOAD ../../lib/mbed/targets/TARGET_STM/serial_api.o
LOAD ../../lib/mbed/targets/TARGET_STM/stm_spi_api.o
LOAD ../../lib/mbed/targets/TARGET_STM/pinmap.o
LOAD ../../lib/mbed/targets/TARGET_STM/pwmout_api.o
LOAD ../../lib/mbed/targets/TARGET_STM/trng_api.o
LOAD ../../lib/mbed/targets/TARGET_STM/i2c_api.o
LOAD ../../lib/mbed/targets/TARGET_STM/mbed_overrides.o
LOAD ../../lib/mbed/targets/TARGET_STM/hal_tick_16b.o
LOAD ../../lib/mbed/targets/TARGET_STM/rtc_api.o
LOAD ../../lib/mbed/targets/TARGET_STM/us_ticker_32b.o
LOAD ../../lib/mbed/targets/TARGET_STM/can_api.o
LOAD ../../lib/mbed/targets/TARGET_STM/port_api.o
LOAD ../../lib/mbed/targets/TARGET_STM/sleep.o
LOAD ../../lib/mbed/targets/TARGET_STM/gpio_api.o
LOAD ../../lib/mbed/targets/TARGET_STM/gpio_irq_api.o
LOAD ../../lib/mbed/targets/TARGET_STM/hal_tick_32b.o
LOAD ../../lib/mbed/targets/TARGET_STM/lp_ticker.o
LOAD ../../lib/mbed/targets/TARGET_STM/us_ticker_16b.o
LOAD ../../lib/mbed/targets/TARGET_STM/analogout_api.o
LOAD ../../lib/mbed/targets/TARGET_STM/TARGET_STM32F0/gpio_irq_device.o
LOAD ../../lib/mbed/targets/TARGET_STM/TARGET_STM32F0/analogout_device.o
LOAD ../../lib/mbed/targets/TARGET_STM/TARGET_STM32F0/analogin_api.o
LOAD ../../lib/mbed/targets/TARGET_STM/TARGET_STM32F0/pwmout_device.o
LOAD ../../lib/mbed/targets/TARGET_STM/TARGET_STM32F0/spi_api.o
LOAD ../../lib/mbed/targets/TARGET_STM/TARGET_STM32F0/serial_device.o
LOAD ../../lib/mbed/targets/TARGET_STM/TARGET_STM32F0/device/stm32f0xx_hal_crc.o
LOAD ../../lib/mbed/targets/TARGET_STM/TARGET_STM32F0/device/stm32f0xx_ll_gpio.o
LOAD ../../lib/mbed/targets/TARGET_STM/TARGET_STM32F0/device/stm32f0xx_hal_pwr_ex.o
LOAD ../../lib/mbed/targets/TARGET_STM/TARGET_STM32F0/device/stm32f0xx_ll_adc.o
LOAD ../../lib/mbed/targets/TARGET_STM/TARGET_STM32F0/device/stm32f0xx_ll_spi.o
LOAD ../../lib/mbed/targets/TARGET_STM/TARGET_STM32F0/device/stm32f0xx_hal_rcc.o
LOAD ../../lib/mbed/targets/TARGET_STM/TARGET_STM32F0/device/stm32f0xx_hal_tsc.o
LOAD ../../lib/mbed/targets/TARGET_STM/TARGET_STM32F0/device/stm32f0xx_ll_rcc.o
LOAD ../../lib/mbed/targets/TARGET_STM/TARGET_STM32F0/device/stm32f0xx_ll_pwr.o
LOAD ../../lib/mbed/targets/TARGET_STM/TARGET_STM32F0/device/stm32f0xx_hal_i2c.o
LOAD ../../lib/mbed/targets/TARGET_STM/TARGET_STM32F0/device/stm32f0xx_hal_pwr.o
LOAD ../../lib/mbed/targets/TARGET_STM/TARGET_STM32F0/device/stm32f0xx_ll_usart.o
LOAD ../../lib/mbed/targets/TARGET_STM/TARGET_STM32F0/device/stm32f0xx_ll_crc.o
LOAD ../../lib/mbed/targets/TARGET_STM/TARGET_STM32F0/device/stm32f0xx_hal_spi_ex.o
LOAD ../../lib/mbed/targets/TARGET_STM/TARGET_STM32F0/device/stm32f0xx_ll_tim.o
LOAD ../../lib/mbed/targets/TARGET_STM/TARGET_STM32F0/device/stm32f0xx_hal_uart_ex.o
LOAD ../../lib/mbed/targets/TARGET_STM/TARGET_STM32F0/device/stm32f0xx_hal_i2c_ex.o
LOAD ../../lib/mbed/targets/TARGET_STM/TARGET_STM32F0/device/stm32f0xx_ll_comp.o
LOAD ../../lib/mbed/targets/TARGET_STM/TARGET_STM32F0/device/stm32f0xx_hal_cortex.o
LOAD ../../lib/mbed/targets/TARGET_STM/TARGET_STM32F0/device/stm32f0xx_ll_rtc.o
LOAD ../../lib/mbed/targets/TARGET_STM/TARGET_STM32F0/device/stm32f0xx_hal_smartcard_ex.o
LOAD ../../lib/mbed/targets/TARGET_STM/TARGET_STM32F0/device/stm32f0xx_ll_i2c.o
LOAD ../../lib/mbed/targets/TARGET_STM/TARGET_STM32F0/device/stm32f0xx_ll_crs.o
LOAD ../../lib/mbed/targets/TARGET_STM/TARGET_STM32F0/device/stm32f0xx_hal_spi.o
LOAD ../../lib/mbed/targets/TARGET_STM/TARGET_STM32F0/device/stm32f0xx_hal_uart.o
LOAD ../../lib/mbed/targets/TARGET_STM/TARGET_STM32F0/device/stm32f0xx_hal_wwdg.o
LOAD ../../lib/mbed/targets/TARGET_STM/TARGET_STM32F0/device/stm32f0xx_ll_exti.o
LOAD ../../lib/mbed/targets/TARGET_STM/TARGET_STM32F0/device/stm32f0xx_ll_dma.o
LOAD ../../lib/mbed/targets/TARGET_STM/TARGET_STM32F0/device/stm32f0xx_hal_flash_ex.o
LOAD ../../lib/mbed/targets/TARGET_STM/TARGET_STM32F0/device/stm32f0xx_hal.o
LOAD ../../lib/mbed/targets/TARGET_STM/TARGET_STM32F0/device/stm32f0xx_hal_smbus.o
LOAD ../../lib/mbed/targets/TARGET_STM/TARGET_STM32F0/device/stm32f0xx_hal_flash.o
LOAD ../../lib/mbed/targets/TARGET_STM/TARGET_STM32F0/device/stm32f0xx_hal_rtc_ex.o
LOAD ../../lib/mbed/targets/TARGET_STM/TARGET_STM32F0/device/stm32f0xx_hal_i2s.o
LOAD ../../lib/mbed/targets/TARGET_STM/TARGET_STM32F0/device/stm32f0xx_hal_dac_ex.o
LOAD ../../lib/mbed/targets/TARGET_STM/TARGET_STM32F0/device/stm32f0xx_hal_comp.o
LOAD ../../lib/mbed/targets/TARGET_STM/TARGET_STM32F0/device/stm32f0xx_ll_utils.o
LOAD ../../lib/mbed/targets/TARGET_STM/TARGET_STM32F0/device/stm32f0xx_hal_rtc.o
LOAD ../../lib/mbed/targets/TARGET_STM/TARGET_STM32F0/device/stm32f0xx_hal_can.o
LOAD ../../lib/mbed/targets/TARGET_STM/TARGET_STM32F0/device/stm32f0xx_hal_dac.o
LOAD ../../lib/mbed/targets/TARGET_STM/TARGET_STM32F0/device/stm32f0xx_hal_irda.o
LOAD ../../lib/mbed/targets/TARGET_STM/TARGET_STM32F0/device/stm32f0xx_hal_dma.o
LOAD ../../lib/mbed/targets/TARGET_STM/TARGET_STM32F0/device/stm32f0xx_hal_adc_ex.o
LOAD ../../lib/mbed/targets/TARGET_STM/TARGET_STM32F0/device/stm32f0xx_hal_iwdg.o
LOAD ../../lib/mbed/targets/TARGET_STM/TARGET_STM32F0/device/stm32f0xx_ll_dac.o
LOAD ../../lib/mbed/targets/TARGET_STM/TARGET_STM32F0/device/stm32f0xx_hal_smartcard.o
LOAD ../../lib/mbed/targets/TARGET_STM/TARGET_STM32F0/device/stm32f0xx_hal_gpio.o
LOAD ../../lib/mbed/targets/TARGET_STM/TARGET_STM32F0/device/stm32f0xx_hal_adc.o
LOAD ../../lib/mbed/targets/TARGET_STM/TARGET_STM32F0/device/stm32f0xx_hal_pcd_ex.o
LOAD ../../lib/mbed/targets/TARGET_STM/TARGET_STM32F0/device/stm32f0xx_hal_tim.o
LOAD ../../lib/mbed/targets/TARGET_STM/TARGET_STM32F0/device/stm32f0xx_hal_crc_ex.o
LOAD ../../lib/mbed/targets/TARGET_STM/TARGET_STM32F0/device/stm32f0xx_hal_rcc_ex.o
LOAD ../../lib/mbed/targets/TARGET_STM/TARGET_STM32F0/device/stm32f0xx_hal_cec.o
LOAD ../../lib/mbed/targets/TARGET_STM/TARGET_STM32F0/device/stm32f0xx_hal_pcd.o
LOAD ../../lib/mbed/targets/TARGET_STM/TARGET_STM32F0/device/stm32f0xx_hal_tim_ex.o
LOAD ../../lib/mbed/targets/TARGET_STM/TARGET_STM32F0/device/stm32f0xx_hal_usart.o
LOAD ../../lib/mbed/targets/TARGET_STM/TARGET_STM32F0/TARGET_NUCLEO_F091RC/PeripheralPins.o
LOAD ../../lib/mbed/targets/TARGET_STM/TARGET_STM32F0/TARGET_NUCLEO_F091RC/device/system_stm32f0xx.o
LOAD ../../lib/mbed/targets/TARGET_STM/TARGET_STM32F0/TARGET_NUCLEO_F091RC/device/cmsis_nvic.o
LOAD ../../app/blinky/src/main.o
LOAD ../../lib/encoder/src/PwmIn.o
LOAD ../../lib/encoder/src/QEI.o
LOAD ../../lib/mbed/drivers/Timeout.o
LOAD ../../lib/mbed/drivers/SPI.o
LOAD ../../lib/mbed/drivers/AnalogIn.o
LOAD ../../lib/mbed/drivers/SPISlave.o
LOAD ../../lib/mbed/drivers/SerialBase.o
LOAD ../../lib/mbed/drivers/BusOut.o
LOAD ../../lib/mbed/drivers/BusIn.o
LOAD ../../lib/mbed/drivers/InterruptManager.o
LOAD ../../lib/mbed/drivers/I2CSlave.o
LOAD ../../lib/mbed/drivers/InterruptIn.o
LOAD ../../lib/mbed/drivers/TimerEvent.o
LOAD ../../lib/mbed/drivers/Ethernet.o
LOAD ../../lib/mbed/drivers/CAN.o
LOAD ../../lib/mbed/drivers/BusInOut.o
LOAD ../../lib/mbed/drivers/Timer.o
LOAD ../../lib/mbed/drivers/RawSerial.o
LOAD ../../lib/mbed/drivers/FlashIAP.o
LOAD ../../lib/mbed/drivers/I2C.o
LOAD ../../lib/mbed/drivers/Ticker.o
LOAD ../../lib/mbed/drivers/UARTSerial.o
LOAD ../../lib/mbed/drivers/Serial.o
LOAD ../../lib/mbed/platform/LocalFileSystem.o
LOAD ../../lib/mbed/platform/FilePath.o
LOAD ../../lib/mbed/platform/FileHandle.o
LOAD ../../lib/mbed/platform/FileBase.o
LOAD ../../lib/mbed/platform/mbed_retarget.o
LOAD ../../lib/mbed/platform/ATCmdParser.o
LOAD ../../lib/mbed/platform/FileSystemHandle.o
LOAD ../../lib/mbed/platform/mbed_alloc_wrappers.o
LOAD ../../lib/mbed/platform/mbed_poll.o
LOAD ../../lib/mbed/platform/CallChain.o
LOAD ../../lib/mbed/platform/mbed_wait_api_rtos.o
LOAD ../../lib/mbed/platform/Stream.o
LOAD ../../lib/mbed/platform/mbed_rtc_time.o
LOAD ../../lib/mbed/targets/TARGET_STM/TARGET_STM32F0/TARGET_NUCLEO_F091RC/device/TOOLCHAIN_GCC_ARM/startup_stm32f091xc.o
LOAD c:/program files (x86)/gnu tools arm embedded/7 2018-q2-update/bin/../lib/gcc/arm-none-eabi/7.3.1/../../../../arm-none-eabi/lib/thumb/v6-m\libm.a
LOAD c:/program files (x86)/gnu tools arm embedded/7 2018-q2-update/bin/../lib/gcc/arm-none-eabi/7.3.1/../../../../arm-none-eabi/lib/thumb/v6-m\libc.a
LOAD c:/program files (x86)/gnu tools arm embedded/7 2018-q2-update/bin/../lib/gcc/arm-none-eabi/7.3.1/../../../../arm-none-eabi/lib/thumb/v6-m\libg.a
LOAD c:/program files (x86)/gnu tools arm embedded/7 2018-q2-update/bin/../lib/gcc/arm-none-eabi/7.3.1/../../../../arm-none-eabi/lib/thumb/v6-m\libnosys.a
LOAD c:/program files (x86)/gnu tools arm embedded/7 2018-q2-update/bin/../lib/gcc/arm-none-eabi/7.3.1/thumb/v6-m\libgcc.a
LOAD c:/program files (x86)/gnu tools arm embedded/7 2018-q2-update/bin/../lib/gcc/arm-none-eabi/7.3.1/../../../../arm-none-eabi/lib/thumb/v6-m\libstdc++.a
START GROUP
LOAD c:/program files (x86)/gnu tools arm embedded/7 2018-q2-update/bin/../lib/gcc/arm-none-eabi/7.3.1/thumb/v6-m\libgcc.a
LOAD c:/program files (x86)/gnu tools arm embedded/7 2018-q2-update/bin/../lib/gcc/arm-none-eabi/7.3.1/../../../../arm-none-eabi/lib/thumb/v6-m\libg.a
LOAD c:/program files (x86)/gnu tools arm embedded/7 2018-q2-update/bin/../lib/gcc/arm-none-eabi/7.3.1/../../../../arm-none-eabi/lib/thumb/v6-m\libc.a
END GROUP
START GROUP
LOAD c:/program files (x86)/gnu tools arm embedded/7 2018-q2-update/bin/../lib/gcc/arm-none-eabi/7.3.1/thumb/v6-m\libgcc.a
LOAD c:/program files (x86)/gnu tools arm embedded/7 2018-q2-update/bin/../lib/gcc/arm-none-eabi/7.3.1/../../../../arm-none-eabi/lib/thumb/v6-m\libc.a
LOAD c:/program files (x86)/gnu tools arm embedded/7 2018-q2-update/bin/../lib/gcc/arm-none-eabi/7.3.1/../../../../arm-none-eabi/lib/thumb/v6-m\libnosys.a
END GROUP
LOAD c:/program files (x86)/gnu tools arm embedded/7 2018-q2-update/bin/../lib/gcc/arm-none-eabi/7.3.1/thumb/v6-m/crtend.o
LOAD c:/program files (x86)/gnu tools arm embedded/7 2018-q2-update/bin/../lib/gcc/arm-none-eabi/7.3.1/thumb/v6-m/crtn.o

.text           0x08000000    0x1405c
 *(.isr_vector)
 .isr_vector    0x08000000       0xbc ../../lib/mbed/targets/TARGET_STM/TARGET_STM32F0/TARGET_NUCLEO_F091RC/device/TOOLCHAIN_GCC_ARM/startup_stm32f091xc.o
                0x08000000                g_pfnVectors
 *(.text*)
 .text          0x080000bc       0x48 c:/program files (x86)/gnu tools arm embedded/7 2018-q2-update/bin/../lib/gcc/arm-none-eabi/7.3.1/thumb/v6-m/crtbegin.o
 .text          0x08000104       0x78 c:/program files (x86)/gnu tools arm embedded/7 2018-q2-update/bin/../lib/gcc/arm-none-eabi/7.3.1/../../../../arm-none-eabi/lib/thumb/v6-m/crt0.o
                0x08000104                _start
                0x08000104                _mainCRTStartup
 .text.CEC_CAN_IRQHandler
                0x0800017c       0x10 ../../lib/canlib/src/canlib.o
                0x0800017c                CEC_CAN_IRQHandler
 .text.HAL_CAN_ErrorCallback
                0x0800018c       0x30 ../../lib/canlib/src/canlib.o
                0x0800018c                HAL_CAN_ErrorCallback
 .text.CANLIB_Rx_Decode
                0x080001bc       0x30 ../../lib/canlib/src/canlib.o
                0x080001bc                CANLIB_Rx_Decode
 .text.HAL_CAN_RxCpltCallback
                0x080001ec       0x1c ../../lib/canlib/src/canlib.o
                0x080001ec                HAL_CAN_RxCpltCallback
 .text.pinmap_pinout
                0x08000208       0x38 ../../lib/mbed/hal/mbed_pinmap_common.o
                0x08000208                pinmap_pinout
 .text.pinmap_merge
                0x08000240       0x24 ../../lib/mbed/hal/mbed_pinmap_common.o
                0x08000240                pinmap_merge
 .text.pinmap_find_peripheral
                0x08000264       0x18 ../../lib/mbed/hal/mbed_pinmap_common.o
                0x08000264                pinmap_find_peripheral
 .text.pinmap_peripheral
                0x0800027c       0x20 ../../lib/mbed/hal/mbed_pinmap_common.o
                0x0800027c                pinmap_peripheral
 .text.update_present_time
                0x0800029c       0x28 ../../lib/mbed/hal/mbed_ticker_api.o
 .text.schedule_interrupt
                0x080002c4       0x58 ../../lib/mbed/hal/mbed_ticker_api.o
 .text.ticker_irq_handler
                0x0800031c       0x46 ../../lib/mbed/hal/mbed_ticker_api.o
                0x0800031c                ticker_irq_handler
 .text.ticker_read_us
                0x08000362       0x10 ../../lib/mbed/hal/mbed_ticker_api.o
                0x08000362                ticker_read_us
 *fill*         0x08000372        0x2 
 .text.get_us_ticker_data
                0x08000374        0x8 ../../lib/mbed/hal/mbed_us_ticker_api.o
                0x08000374                get_us_ticker_data
 .text.us_ticker_irq_handler
                0x0800037c       0x10 ../../lib/mbed/hal/mbed_us_ticker_api.o
                0x0800037c                us_ticker_irq_handler
 .text._gpio_init_in
                0x0800038c       0x22 ../../lib/mbed/hal/mbed_gpio.o
 .text._gpio_init_out.part.1
                0x080003ae       0x26 ../../lib/mbed/hal/mbed_gpio.o
 .text.gpio_init_in
                0x080003d4        0xa ../../lib/mbed/hal/mbed_gpio.o
                0x080003d4                gpio_init_in
 .text.gpio_init_out_ex
                0x080003de       0x1c ../../lib/mbed/hal/mbed_gpio.o
                0x080003de                gpio_init_out_ex
 .text.gpio_init_out
                0x080003fa        0xa ../../lib/mbed/hal/mbed_gpio.o
                0x080003fa                gpio_init_out
 .text.mbed_assert_internal
                0x08000404       0x24 ../../lib/mbed/platform/mbed_assert.o
                0x08000404                mbed_assert_internal
 .text.mbed_die
                0x08000428       0x16 ../../lib/mbed/platform/mbed_board.o
                0x08000428                mbed_die
 *fill*         0x0800043e        0x2 
 .text.mbed_error_vfprintf
                0x08000440       0x54 ../../lib/mbed/platform/mbed_board.o
                0x08000440                mbed_error_vfprintf
 .text.mbed_error_printf
                0x08000494       0x16 ../../lib/mbed/platform/mbed_board.o
                0x08000494                mbed_error_printf
 .text.wait_us  0x080004aa       0x16 ../../lib/mbed/platform/mbed_wait_api_no_rtos.o
                0x080004aa                wait_us
 .text.wait_ms  0x080004c0        0xe ../../lib/mbed/platform/mbed_wait_api_no_rtos.o
                0x080004c0                wait_ms
 .text.core_util_are_interrupts_enabled
                0x080004ce        0xa ../../lib/mbed/platform/mbed_critical.o
                0x080004ce                core_util_are_interrupts_enabled
 .text.core_util_critical_section_enter
                0x080004d8       0x5c ../../lib/mbed/platform/mbed_critical.o
                0x080004d8                core_util_critical_section_enter
 .text.core_util_critical_section_exit
                0x08000534       0x44 ../../lib/mbed/platform/mbed_critical.o
                0x08000534                core_util_critical_section_exit
 .text.software_init_hook_rtos
                0x08000578        0x2 ../../lib/mbed/platform/mbed_sdk_boot.o
                0x08000578                software_init_hook_rtos
 .text.software_init_hook
                0x0800057a        0xc ../../lib/mbed/platform/mbed_sdk_boot.o
                0x0800057a                software_init_hook
 *fill*         0x08000586        0x2 
 .text.init_uart
                0x08000588       0x70 ../../lib/mbed/targets/TARGET_STM/serial_api.o
                0x08000588                init_uart
 .text.serial_readable
                0x080005f8       0x20 ../../lib/mbed/targets/TARGET_STM/serial_api.o
                0x080005f8                serial_readable
 .text.serial_writable
                0x08000618       0x18 ../../lib/mbed/targets/TARGET_STM/serial_api.o
                0x08000618                serial_writable
 .text.LL_GPIO_SetPinPull
                0x08000630       0x14 ../../lib/mbed/targets/TARGET_STM/pinmap.o
 .text.stm_pin_PullConfig
                0x08000644       0x12 ../../lib/mbed/targets/TARGET_STM/pinmap.o
 *fill*         0x08000656        0x2 
 .text.pin_function
                0x08000658       0xe4 ../../lib/mbed/targets/TARGET_STM/pinmap.o
                0x08000658                pin_function
 .text.pin_mode
                0x0800073c       0x8c ../../lib/mbed/targets/TARGET_STM/pinmap.o
                0x0800073c                pin_mode
 .text.mbed_sdk_init
                0x080007c8       0x14 ../../lib/mbed/targets/TARGET_STM/mbed_overrides.o
                0x080007c8                mbed_sdk_init
 .text.us_ticker_init
                0x080007dc       0x24 ../../lib/mbed/targets/TARGET_STM/us_ticker_32b.o
                0x080007dc                us_ticker_init
 .text.us_ticker_read
                0x08000800       0x1c ../../lib/mbed/targets/TARGET_STM/us_ticker_32b.o
                0x08000800                us_ticker_read
 .text.us_ticker_set_interrupt
                0x0800081c       0x30 ../../lib/mbed/targets/TARGET_STM/us_ticker_32b.o
                0x0800081c                us_ticker_set_interrupt
 .text.us_ticker_disable_interrupt
                0x0800084c       0x18 ../../lib/mbed/targets/TARGET_STM/us_ticker_32b.o
                0x0800084c                us_ticker_disable_interrupt
 .text.us_ticker_clear_interrupt
                0x08000864       0x14 ../../lib/mbed/targets/TARGET_STM/us_ticker_32b.o
                0x08000864                us_ticker_clear_interrupt
 .text.Set_GPIO_Clock
                0x08000878       0xac ../../lib/mbed/targets/TARGET_STM/gpio_api.o
                0x08000878                Set_GPIO_Clock
 .text.gpio_set
                0x08000924       0x2c ../../lib/mbed/targets/TARGET_STM/gpio_api.o
                0x08000924                gpio_set
 .text.gpio_init
                0x08000950       0x44 ../../lib/mbed/targets/TARGET_STM/gpio_api.o
                0x08000950                gpio_init
 .text.gpio_mode
                0x08000994        0xc ../../lib/mbed/targets/TARGET_STM/gpio_api.o
                0x08000994                gpio_mode
 .text.gpio_dir
                0x080009a0       0x1e ../../lib/mbed/targets/TARGET_STM/gpio_api.o
                0x080009a0                gpio_dir
 *fill*         0x080009be        0x2 
 .text.timer_irq_handler
                0x080009c0       0x5c ../../lib/mbed/targets/TARGET_STM/hal_tick_32b.o
                0x080009c0                timer_irq_handler
 .text.HAL_InitTick
                0x08000a1c       0xbc ../../lib/mbed/targets/TARGET_STM/hal_tick_32b.o
                0x08000a1c                HAL_InitTick
 .text.serial_init
                0x08000ad8      0x23c ../../lib/mbed/targets/TARGET_STM/TARGET_STM32F0/serial_device.o
                0x08000ad8                serial_init
 .text.serial_baud
                0x08000d14        0xa ../../lib/mbed/targets/TARGET_STM/TARGET_STM32F0/serial_device.o
                0x08000d14                serial_baud
 *fill*         0x08000d1e        0x2 
 .text.serial_irq_handler
                0x08000d20       0x18 ../../lib/mbed/targets/TARGET_STM/TARGET_STM32F0/serial_device.o
                0x08000d20                serial_irq_handler
 .text.serial_getc
                0x08000d38       0x24 ../../lib/mbed/targets/TARGET_STM/TARGET_STM32F0/serial_device.o
                0x08000d38                serial_getc
 .text.serial_putc
                0x08000d5c       0x24 ../../lib/mbed/targets/TARGET_STM/TARGET_STM32F0/serial_device.o
                0x08000d5c                serial_putc
 .text.HAL_RCC_OscConfig
                0x08000d80      0x464 ../../lib/mbed/targets/TARGET_STM/TARGET_STM32F0/device/stm32f0xx_hal_rcc.o
                0x08000d80                HAL_RCC_OscConfig
 .text.HAL_RCC_GetSysClockFreq
                0x080011e4       0x84 ../../lib/mbed/targets/TARGET_STM/TARGET_STM32F0/device/stm32f0xx_hal_rcc.o
                0x080011e4                HAL_RCC_GetSysClockFreq
 .text.HAL_RCC_ClockConfig
                0x08001268      0x160 ../../lib/mbed/targets/TARGET_STM/TARGET_STM32F0/device/stm32f0xx_hal_rcc.o
                0x08001268                HAL_RCC_ClockConfig
 .text.HAL_RCC_GetPCLK1Freq
                0x080013c8       0x20 ../../lib/mbed/targets/TARGET_STM/TARGET_STM32F0/device/stm32f0xx_hal_rcc.o
                0x080013c8                HAL_RCC_GetPCLK1Freq
 .text.HAL_RCC_GetClockConfig
                0x080013e8       0x38 ../../lib/mbed/targets/TARGET_STM/TARGET_STM32F0/device/stm32f0xx_hal_rcc.o
                0x080013e8                HAL_RCC_GetClockConfig
 .text.HAL_UART_MspInit
                0x08001420        0x2 ../../lib/mbed/targets/TARGET_STM/TARGET_STM32F0/device/stm32f0xx_hal_uart.o
                0x08001420                HAL_UART_MspInit
 *fill*         0x08001422        0x2 
 .text.UART_SetConfig
                0x08001424      0x1d0 ../../lib/mbed/targets/TARGET_STM/TARGET_STM32F0/device/stm32f0xx_hal_uart.o
                0x08001424                UART_SetConfig
 .text.UART_AdvFeatureConfig
                0x080015f4       0xd0 ../../lib/mbed/targets/TARGET_STM/TARGET_STM32F0/device/stm32f0xx_hal_uart.o
                0x080015f4                UART_AdvFeatureConfig
 .text.UART_WaitOnFlagUntilTimeout
                0x080016c4       0x64 ../../lib/mbed/targets/TARGET_STM/TARGET_STM32F0/device/stm32f0xx_hal_uart.o
                0x080016c4                UART_WaitOnFlagUntilTimeout
 .text.UART_CheckIdleState
                0x08001728       0x84 ../../lib/mbed/targets/TARGET_STM/TARGET_STM32F0/device/stm32f0xx_hal_uart.o
                0x08001728                UART_CheckIdleState
 .text.HAL_UART_Init
                0x080017ac       0x6c ../../lib/mbed/targets/TARGET_STM/TARGET_STM32F0/device/stm32f0xx_hal_uart.o
                0x080017ac                HAL_UART_Init
 .text.HAL_MspInit
                0x08001818        0x2 ../../lib/mbed/targets/TARGET_STM/TARGET_STM32F0/device/stm32f0xx_hal.o
                0x08001818                HAL_MspInit
 *fill*         0x0800181a        0x2 
 .text.HAL_Init
                0x0800181c       0x20 ../../lib/mbed/targets/TARGET_STM/TARGET_STM32F0/device/stm32f0xx_hal.o
                0x0800181c                HAL_Init
 .text.HAL_IncTick
                0x0800183c       0x10 ../../lib/mbed/targets/TARGET_STM/TARGET_STM32F0/device/stm32f0xx_hal.o
                0x0800183c                HAL_IncTick
 .text.HAL_GetTick
                0x0800184c        0xc ../../lib/mbed/targets/TARGET_STM/TARGET_STM32F0/device/stm32f0xx_hal.o
                0x0800184c                HAL_GetTick
 .text.HAL_CAN_Receive_IT
                0x08001858       0x88 ../../lib/mbed/targets/TARGET_STM/TARGET_STM32F0/device/stm32f0xx_hal_can.o
                0x08001858                HAL_CAN_Receive_IT
 .text.HAL_CAN_TxCpltCallback
                0x080018e0        0x2 ../../lib/mbed/targets/TARGET_STM/TARGET_STM32F0/device/stm32f0xx_hal_can.o
                0x080018e0                HAL_CAN_TxCpltCallback
 *fill*         0x080018e2        0x2 
 .text.CAN_Receive_IT
                0x080018e4       0xfc ../../lib/mbed/targets/TARGET_STM/TARGET_STM32F0/device/stm32f0xx_hal_can.o
 .text.HAL_CAN_IRQHandler
                0x080019e0      0x194 ../../lib/mbed/targets/TARGET_STM/TARGET_STM32F0/device/stm32f0xx_hal_can.o
                0x080019e0                HAL_CAN_IRQHandler
 .text.HAL_TIM_OC_MspInit
                0x08001b74        0x2 ../../lib/mbed/targets/TARGET_STM/TARGET_STM32F0/device/stm32f0xx_hal_tim.o
                0x08001b74                HAL_TIM_OC_MspInit
 *fill*         0x08001b76        0x2 
 .text.TIM_Base_SetConfig
                0x08001b78       0xa0 ../../lib/mbed/targets/TARGET_STM/TARGET_STM32F0/device/stm32f0xx_hal_tim.o
                0x08001b78                TIM_Base_SetConfig
 .text.HAL_TIM_OC_Init
                0x08001c18       0x36 ../../lib/mbed/targets/TARGET_STM/TARGET_STM32F0/device/stm32f0xx_hal_tim.o
                0x08001c18                HAL_TIM_OC_Init
 .text.TIM_CCxChannelCmd
                0x08001c4e       0x16 ../../lib/mbed/targets/TARGET_STM/TARGET_STM32F0/device/stm32f0xx_hal_tim.o
                0x08001c4e                TIM_CCxChannelCmd
 .text.HAL_TIM_OC_Start
                0x08001c64       0x4c ../../lib/mbed/targets/TARGET_STM/TARGET_STM32F0/device/stm32f0xx_hal_tim.o
                0x08001c64                HAL_TIM_OC_Start
 .text.SystemInit
                0x08001cb0       0x64 ../../lib/mbed/targets/TARGET_STM/TARGET_STM32F0/TARGET_NUCLEO_F091RC/device/system_stm32f0xx.o
                0x08001cb0                SystemInit
 .text.SystemCoreClockUpdate
                0x08001d14       0x70 ../../lib/mbed/targets/TARGET_STM/TARGET_STM32F0/TARGET_NUCLEO_F091RC/device/system_stm32f0xx.o
                0x08001d14                SystemCoreClockUpdate
 .text.SetSysClock_PLL_HSE
                0x08001d84       0x76 ../../lib/mbed/targets/TARGET_STM/TARGET_STM32F0/TARGET_NUCLEO_F091RC/device/system_stm32f0xx.o
                0x08001d84                SetSysClock_PLL_HSE
 .text.SetSysClock_PLL_HSI
                0x08001dfa       0x56 ../../lib/mbed/targets/TARGET_STM/TARGET_STM32F0/TARGET_NUCLEO_F091RC/device/system_stm32f0xx.o
                0x08001dfa                SetSysClock_PLL_HSI
 .text.SetSysClock
                0x08001e50       0x20 ../../lib/mbed/targets/TARGET_STM/TARGET_STM32F0/TARGET_NUCLEO_F091RC/device/system_stm32f0xx.o
                0x08001e50                SetSysClock
 .text.NVIC_SetVector
                0x08001e70       0x40 ../../lib/mbed/targets/TARGET_STM/TARGET_STM32F0/TARGET_NUCLEO_F091RC/device/cmsis_nvic.o
                0x08001e70                NVIC_SetVector
 .text._ZN4mbed5TimerD2Ev
                0x08001eb0        0x2 ../../app/blinky/src/main.o
                0x08001eb0                mbed::Timer::~Timer()
                0x08001eb0                mbed::Timer::~Timer()
 *fill*         0x08001eb2        0x2 
 .text._Z12get_distancev
                0x08001eb4       0x60 ../../app/blinky/src/main.o
                0x08001eb4                get_distance()
 .text.startup.main
                0x08001f14       0x2c ../../app/blinky/src/main.o
                0x08001f14                main
 .text._ZN4mbed8CallbackIFviEED2Ev
                0x08001f40       0x12 ../../app/blinky/src/main.o
                0x08001f40                mbed::Callback<void (int)>::~Callback()
                0x08001f40                mbed::Callback<void (int)>::~Callback()
 *fill*         0x08001f52        0x2 
 .text._ZN4mbed10SerialBaseD2Ev
                0x08001f54       0x3c ../../app/blinky/src/main.o
                0x08001f54                mbed::SerialBase::~SerialBase()
                0x08001f54                mbed::SerialBase::~SerialBase()
 .text._ZN4mbed10SerialBaseD0Ev
                0x08001f90       0x12 ../../app/blinky/src/main.o
                0x08001f90                mbed::SerialBase::~SerialBase()
 *fill*         0x08001fa2        0x2 
 .text._ZN4mbed6SerialD2Ev
                0x08001fa4       0x50 ../../app/blinky/src/main.o
                0x08001fa4                mbed::Serial::~Serial()
                0x08001fa4                mbed::Serial::~Serial()
                0x08001fd4                non-virtual thunk to mbed::Serial::~Serial()
                0x08001fe4                non-virtual thunk to mbed::Serial::~Serial()
 .text._ZN4mbed6SerialD0Ev
                0x08001ff4       0x34 ../../app/blinky/src/main.o
                0x08001ff4                mbed::Serial::~Serial()
                0x08002006                non-virtual thunk to mbed::Serial::~Serial()
                0x08002018                non-virtual thunk to mbed::Serial::~Serial()
 .text.startup._GLOBAL__sub_I_tmr
                0x08002028       0x7c ../../app/blinky/src/main.o
 .text._ZN4mbed8CallbackIFvvEED2Ev
                0x080020a4       0x12 ../../lib/encoder/src/PwmIn.o
                0x080020a4                mbed::Callback<void ()>::~Callback()
                0x080020a4                mbed::Callback<void ()>::~Callback()
 .text._ZN4mbedL9donothingEv
                0x080020b6        0x2 ../../lib/mbed/drivers/SerialBase.o
 .text._ZN4mbed10SerialBase4lockEv
                0x080020b8        0x2 ../../lib/mbed/drivers/SerialBase.o
                0x080020b8                mbed::SerialBase::lock()
                0x080020b8                mbed::SerialBase::unlock()
 .text._ZN6CThunkIN4mbed10SerialBaseEE10trampolineEPS1_PvPMS1_FvS4_E
                0x080020ba       0x24 ../../lib/mbed/drivers/SerialBase.o
                0x080020ba                CThunk<mbed::SerialBase>::trampoline(mbed::SerialBase*, void*, void (mbed::SerialBase::**)(void*))
 .text._ZN4mbed8CallbackIFvvEE13function_callIPS1_EEvPKv
                0x080020de        0x8 ../../lib/mbed/drivers/SerialBase.o
                0x080020de                void mbed::Callback<void ()>::function_call<void (*)()>(void const*)
 .text._ZN4mbed8CallbackIFvvEE13function_moveIPS1_EEvPvPKv
                0x080020e6        0xa ../../lib/mbed/drivers/SerialBase.o
                0x080020e6                void mbed::Callback<void ()>::function_move<void (*)()>(void*, void const*)
 .text._ZN4mbed8CallbackIFvvEE13function_dtorIPS1_EEvPv
                0x080020f0        0x2 ../../lib/mbed/drivers/SerialBase.o
                0x080020f0                void mbed::Callback<void ()>::function_dtor<void (*)()>(void*)
 *fill*         0x080020f2        0x2 
 .text._ZN4mbed10SerialBase12_irq_handlerEm9SerialIrq
                0x080020f4       0x34 ../../lib/mbed/drivers/SerialBase.o
                0x080020f4                mbed::SerialBase::_irq_handler(unsigned long, SerialIrq)
 .text._ZN4mbed10SerialBase10_base_getcEv
                0x08002128        0xa ../../lib/mbed/drivers/SerialBase.o
                0x08002128                mbed::SerialBase::_base_getc()
 .text._ZN4mbed10SerialBase10_base_putcEi
                0x08002132        0xe ../../lib/mbed/drivers/SerialBase.o
                0x08002132                mbed::SerialBase::_base_putc(int)
 .text._ZN4mbed8CallbackIFvvEEaSERKS2_
                0x08002140       0x24 ../../lib/mbed/drivers/SerialBase.o
                0x08002140                mbed::Callback<void ()>::operator=(mbed::Callback<void ()> const&)
 .text._ZN4mbed10SerialBaseC2E7PinNameS1_i
                0x08002164      0x100 ../../lib/mbed/drivers/SerialBase.o
                0x08002164                mbed::SerialBase::SerialBase(PinName, PinName, int)
                0x08002164                mbed::SerialBase::SerialBase(PinName, PinName, int)
 .text._ZN4mbed5Timer5startEv
                0x08002264       0x22 ../../lib/mbed/drivers/Timer.o
                0x08002264                mbed::Timer::start()
 .text._ZN4mbed5Timer9slicetimeEv
                0x08002286       0x2e ../../lib/mbed/drivers/Timer.o
                0x08002286                mbed::Timer::slicetime()
 .text._ZN4mbed5Timer23read_high_resolution_usEv
                0x080022b4       0x20 ../../lib/mbed/drivers/Timer.o
                0x080022b4                mbed::Timer::read_high_resolution_us()
 .text._ZN4mbed5Timer7read_usEv
                0x080022d4        0x8 ../../lib/mbed/drivers/Timer.o
                0x080022d4                mbed::Timer::read_us()
 .text._ZN4mbed5Timer5resetEv
                0x080022dc       0x20 ../../lib/mbed/drivers/Timer.o
                0x080022dc                mbed::Timer::reset()
 .text._ZN4mbed5TimerC2Ev
                0x080022fc       0x24 ../../lib/mbed/drivers/Timer.o
                0x080022fc                mbed::Timer::Timer()
                0x080022fc                mbed::Timer::Timer()
 .text._ZN4mbed10FileHandle4tellEv
                0x08002320        0xe ../../lib/mbed/drivers/UARTSerial.o
                0x08002320                mbed::FileHandle::tell()
 .text._ZN4mbed10FileHandle6rewindEv
                0x0800232e        0xe ../../lib/mbed/drivers/UARTSerial.o
                0x0800232e                mbed::FileHandle::rewind()
 .text._ZN4mbed10FileHandle5lseekEli
                0x0800233c        0xa ../../lib/mbed/drivers/UARTSerial.o
                0x0800233c                mbed::FileHandle::lseek(long, int)
 .text._ZN4mbed10FileHandle5fsyncEv
                0x08002346        0xa ../../lib/mbed/drivers/UARTSerial.o
                0x08002346                mbed::FileHandle::fsync()
 .text._ZN4mbed10FileHandle4flenEv
                0x08002350        0xa ../../lib/mbed/drivers/UARTSerial.o
                0x08002350                mbed::FileHandle::flen()
 .text._ZN4mbed10FileHandle12set_blockingEb
                0x0800235a        0x6 ../../lib/mbed/drivers/Serial.o
                0x0800235a                mbed::FileHandle::set_blocking(bool)
 .text._ZNK4mbed10FileHandle4pollEs
                0x08002360        0x4 ../../lib/mbed/drivers/Serial.o
                0x08002360                mbed::FileHandle::poll(short) const
 .text._ZN4mbed10FileHandle5sigioENS_8CallbackIFvvEEE
                0x08002364        0x2 ../../lib/mbed/drivers/Serial.o
                0x08002364                mbed::FileHandle::sigio(mbed::Callback<void ()>)
 .text._ZN4mbed6Serial4lockEv
                0x08002366        0x2 ../../lib/mbed/drivers/Serial.o
                0x08002366                mbed::Serial::unlock()
                0x08002366                mbed::Serial::lock()
 .text._ZN4mbed6Serial5_getcEv
                0x08002368        0x8 ../../lib/mbed/drivers/Serial.o
                0x08002368                mbed::Serial::_getc()
 .text._ZThn188_N4mbed6Serial5_getcEv
                0x08002370       0x10 ../../lib/mbed/drivers/Serial.o
                0x08002370                non-virtual thunk to mbed::Serial::_getc()
 .text._ZN4mbed6Serial5_putcEi
                0x08002380        0x8 ../../lib/mbed/drivers/Serial.o
                0x08002380                mbed::Serial::_putc(int)
 .text._ZThn188_N4mbed6Serial5_putcEi
                0x08002388       0x10 ../../lib/mbed/drivers/Serial.o
                0x08002388                non-virtual thunk to mbed::Serial::_putc(int)
 .text._ZThn188_N4mbed6Serial6unlockEv
                0x08002398        0x2 ../../lib/mbed/drivers/Serial.o
                0x08002398                non-virtual thunk to mbed::Serial::unlock()
 .text._ZThn188_N4mbed6Serial4lockEv
                0x0800239a        0x2 ../../lib/mbed/drivers/Serial.o
                0x0800239a                non-virtual thunk to mbed::Serial::lock()
 .text._ZN4mbed6SerialC2E7PinNameS1_PKci
                0x0800239c       0x44 ../../lib/mbed/drivers/Serial.o
                0x0800239c                mbed::Serial::Serial(PinName, PinName, char const*, int)
                0x0800239c                mbed::Serial::Serial(PinName, PinName, char const*, int)
 .text._ZN4mbed8FilePathC2EPKc
                0x080023e0       0x3e ../../lib/mbed/platform/FilePath.o
                0x080023e0                mbed::FilePath::FilePath(char const*)
                0x080023e0                mbed::FilePath::FilePath(char const*)
 .text._ZN4mbed8FilePath8fileNameEv
                0x0800241e        0x4 ../../lib/mbed/platform/FilePath.o
                0x0800241e                mbed::FilePath::fileName()
 .text._ZN4mbed8FilePath12isFileSystemEv
                0x08002422       0x1a ../../lib/mbed/platform/FilePath.o
                0x08002422                mbed::FilePath::isFileSystem()
 .text._ZN4mbed8FilePath10fileSystemEv
                0x0800243c       0x18 ../../lib/mbed/platform/FilePath.o
                0x0800243c                mbed::FilePath::fileSystem()
 .text._ZN4mbed8FilePath6isFileEv
                0x08002454       0x18 ../../lib/mbed/platform/FilePath.o
                0x08002454                mbed::FilePath::isFile()
 .text._ZN4mbed8FilePath4fileEv
                0x0800246c       0x18 ../../lib/mbed/platform/FilePath.o
                0x0800246c                mbed::FilePath::file()
 .text._ZN4mbed8FilePath6existsEv
                0x08002484        0xa ../../lib/mbed/platform/FilePath.o
                0x08002484                mbed::FilePath::exists()
 .text._ZN4mbed10FileHandle4syncEv
                0x0800248e        0x4 ../../lib/mbed/platform/FileHandle.o
                0x0800248e                mbed::FileHandle::sync()
 .text._ZN4mbed10FileHandle6isattyEv
                0x08002492        0x4 ../../lib/mbed/platform/FileHandle.o
                0x08002492                mbed::FileHandle::isatty()
 .text._ZN4mbed10FileHandle4sizeEv
                0x08002496       0x32 ../../lib/mbed/platform/FileHandle.o
                0x08002496                mbed::FileHandle::size()
 .text._ZN4mbed6fdopenEPNS_10FileHandleEPKc
                0x080024c8        0x8 ../../lib/mbed/platform/FileHandle.o
                0x080024c8                mbed::fdopen(mbed::FileHandle*, char const*)
 .text._ZN4mbed8FileBase11getPathTypeEv
                0x080024d0        0x4 ../../lib/mbed/platform/FileBase.o
                0x080024d0                mbed::FileBase::getPathType()
 .text._ZN12SingletonPtrI13PlatformMutexE3getEv
                0x080024d4       0x2c ../../lib/mbed/platform/FileBase.o
                0x080024d4                SingletonPtr<PlatformMutex>::get()
 .text._ZN4mbed8FileBaseC2EPKcNS_8PathTypeE
                0x08002500       0x44 ../../lib/mbed/platform/FileBase.o
                0x08002500                mbed::FileBase::FileBase(char const*, mbed::PathType)
                0x08002500                mbed::FileBase::FileBase(char const*, mbed::PathType)
 .text._ZN4mbed8FileBaseD2Ev
                0x08002544       0x54 ../../lib/mbed/platform/FileBase.o
                0x08002544                mbed::FileBase::~FileBase()
                0x08002544                mbed::FileBase::~FileBase()
 .text._ZN4mbed8FileBaseD0Ev
                0x08002598       0x12 ../../lib/mbed/platform/FileBase.o
                0x08002598                mbed::FileBase::~FileBase()
 *fill*         0x080025aa        0x2 
 .text._ZN4mbed8FileBase6lookupEPKcj
                0x080025ac       0x4c ../../lib/mbed/platform/FileBase.o
                0x080025ac                mbed::FileBase::lookup(char const*, unsigned int)
 .text._ZL11init_serialv
                0x080025f8       0x2c ../../lib/mbed/platform/mbed_retarget.o
 .text._close   0x08002624       0x40 ../../lib/mbed/platform/mbed_retarget.o
                0x08002624                _close
 .text._write   0x08002664       0x64 ../../lib/mbed/platform/mbed_retarget.o
                0x08002664                _write
 .text._read    0x080026c8       0x5c ../../lib/mbed/platform/mbed_retarget.o
                0x080026c8                _read
 .text._isatty  0x08002724       0x3c ../../lib/mbed/platform/mbed_retarget.o
                0x08002724                _isatty
 .text._lseek   0x08002760       0x44 ../../lib/mbed/platform/mbed_retarget.o
                0x08002760                _lseek
 .text._fstat   0x080027a4       0x1e ../../lib/mbed/platform/mbed_retarget.o
                0x080027a4                _fstat
 *fill*         0x080027c2        0x2 
 .text._ZN9__gnu_cxx27__verbose_terminate_handlerEv
                0x080027c4       0x10 ../../lib/mbed/platform/mbed_retarget.o
                0x080027c4                __gnu_cxx::__verbose_terminate_handler()
 .text.__cxa_pure_virtual
                0x080027d4        0x8 ../../lib/mbed/platform/mbed_retarget.o
                0x080027d4                __cxa_pure_virtual
 .text._sbrk    0x080027dc       0x44 ../../lib/mbed/platform/mbed_retarget.o
                0x080027dc                _sbrk
 .text._exit    0x08002820       0x24 ../../lib/mbed/platform/mbed_retarget.o
                0x08002820                _exit
 .text.__aeabi_atexit
                0x08002844        0x4 ../../lib/mbed/platform/mbed_retarget.o
                0x08002844                __aeabi_atexit
 .text._ZN4mbed26mbed_set_unbuffered_streamEP7__sFILE
                0x08002848        0xa ../../lib/mbed/platform/mbed_retarget.o
                0x08002848                mbed::mbed_set_unbuffered_stream(__sFILE*)
 *fill*         0x08002852        0x2 
 .text._ZN4mbed11mbed_fdopenEPNS_10FileHandleEPKc
                0x08002854       0x3c ../../lib/mbed/platform/mbed_retarget.o
                0x08002854                mbed::mbed_fdopen(mbed::FileHandle*, char const*)
 .text.__rtos_malloc_lock
                0x08002890        0x2 ../../lib/mbed/platform/mbed_retarget.o
                0x08002890                __rtos_malloc_lock
 .text.__rtos_malloc_unlock
                0x08002892        0x2 ../../lib/mbed/platform/mbed_retarget.o
                0x08002892                __rtos_malloc_unlock
 .text.__malloc_lock
                0x08002894        0x8 ../../lib/mbed/platform/mbed_retarget.o
                0x08002894                __malloc_lock
 .text.__malloc_unlock
                0x0800289c        0x8 ../../lib/mbed/platform/mbed_retarget.o
                0x0800289c                __malloc_unlock
 .text._ZdlPv   0x080028a4        0xc ../../lib/mbed/platform/mbed_retarget.o
                0x080028a4                operator delete(void*)
 .text._ZN4mbed17remove_filehandleEPNS_10FileHandleE
                0x080028b0       0x34 ../../lib/mbed/platform/mbed_retarget.o
                0x080028b0                mbed::remove_filehandle(mbed::FileHandle*)
 .text._open    0x080028e4      0x130 ../../lib/mbed/platform/mbed_retarget.o
                0x080028e4                _open
 .text._ZN4mbed6Stream4lockEv
                0x08002a14        0x2 ../../lib/mbed/platform/Stream.o
                0x08002a14                mbed::Stream::lock()
 .text._ZN4mbed6Stream6unlockEv
                0x08002a16        0x2 ../../lib/mbed/platform/Stream.o
                0x08002a16                mbed::Stream::unlock()
 .text._ZN4mbed6Stream5closeEv
                0x08002a18        0x4 ../../lib/mbed/platform/Stream.o
                0x08002a18                mbed::Stream::isatty()
                0x08002a18                mbed::Stream::sync()
                0x08002a18                mbed::Stream::close()
 .text._ZN4mbed6Stream5writeEPKvj
                0x08002a1c       0x36 ../../lib/mbed/platform/Stream.o
                0x08002a1c                mbed::Stream::write(void const*, unsigned int)
 .text._ZN4mbed6Stream4readEPvj
                0x08002a52       0x32 ../../lib/mbed/platform/Stream.o
                0x08002a52                mbed::Stream::read(void*, unsigned int)
 .text._ZN4mbed6Stream4seekEli
                0x08002a84        0x4 ../../lib/mbed/platform/Stream.o
                0x08002a84                mbed::Stream::seek(long, int)
 .text._ZN4mbed6Stream4tellEv
                0x08002a88        0x4 ../../lib/mbed/platform/Stream.o
                0x08002a88                mbed::Stream::tell()
                0x08002a88                mbed::Stream::size()
 .text._ZN4mbed6Stream6rewindEv
                0x08002a8c        0x2 ../../lib/mbed/platform/Stream.o
                0x08002a8c                mbed::Stream::rewind()
 *fill*         0x08002a8e        0x2 
 .text._ZN4mbed6StreamC2EPKc
                0x08002a90       0x74 ../../lib/mbed/platform/Stream.o
                0x08002a90                mbed::Stream::Stream(char const*)
                0x08002a90                mbed::Stream::Stream(char const*)
 .text._ZN4mbed6StreamD2Ev
                0x08002b04       0x34 ../../lib/mbed/platform/Stream.o
                0x08002b04                mbed::Stream::~Stream()
                0x08002b04                mbed::Stream::~Stream()
 .text._ZN4mbed6Stream6printfEPKcz
                0x08002b38       0x36 ../../lib/mbed/platform/Stream.o
                0x08002b38                mbed::Stream::printf(char const*, ...)
 *fill*         0x08002b6e        0x2 
 .text.Reset_Handler
                0x08002b70       0x34 ../../lib/mbed/targets/TARGET_STM/TARGET_STM32F0/TARGET_NUCLEO_F091RC/device/TOOLCHAIN_GCC_ARM/startup_stm32f091xc.o
                0x08002b70                Reset_Handler
 .text.Default_Handler
                0x08002ba4        0x2 ../../lib/mbed/targets/TARGET_STM/TARGET_STM32F0/TARGET_NUCLEO_F091RC/device/TOOLCHAIN_GCC_ARM/startup_stm32f091xc.o
                0x08002ba4                TIM1_CC_IRQHandler
                0x08002ba4                TSC_IRQHandler
                0x08002ba4                HardFault_Handler
                0x08002ba4                ADC1_COMP_IRQHandler
                0x08002ba4                SysTick_Handler
                0x08002ba4                PendSV_Handler
                0x08002ba4                NMI_Handler
                0x08002ba4                I2C1_IRQHandler
                0x08002ba4                RCC_CRS_IRQHandler
                0x08002ba4                SPI1_IRQHandler
                0x08002ba4                TIM6_DAC_IRQHandler
                0x08002ba4                DMA1_Ch1_IRQHandler
                0x08002ba4                EXTI2_3_IRQHandler
                0x08002ba4                I2C2_IRQHandler
                0x08002ba4                TIM17_IRQHandler
                0x08002ba4                RTC_IRQHandler
                0x08002ba4                PVD_VDDIO2_IRQHandler
                0x08002ba4                TIM16_IRQHandler
                0x08002ba4                TIM3_IRQHandler
                0x08002ba4                EXTI4_15_IRQHandler
                0x08002ba4                USART3_8_IRQHandler
                0x08002ba4                Default_Handler
                0x08002ba4                TIM14_IRQHandler
                0x08002ba4                TIM7_IRQHandler
                0x08002ba4                TIM15_IRQHandler
                0x08002ba4                EXTI0_1_IRQHandler
                0x08002ba4                SPI2_IRQHandler
                0x08002ba4                DMA1_Ch2_3_DMA2_Ch1_2_IRQHandler
                0x08002ba4                SVC_Handler
                0x08002ba4                DMA1_Ch4_7_DMA2_Ch3_5_IRQHandler
                0x08002ba4                WWDG_IRQHandler
                0x08002ba4                TIM2_IRQHandler
                0x08002ba4                USART2_IRQHandler
                0x08002ba4                FLASH_IRQHandler
                0x08002ba4                USART1_IRQHandler
                0x08002ba4                TIM1_BRK_UP_TRG_COM_IRQHandler
 *fill*         0x08002ba6        0x2 
 .text.__errno  0x08002ba8        0xc c:/program files (x86)/gnu tools arm embedded/7 2018-q2-update/bin/../lib/gcc/arm-none-eabi/7.3.1/../../../../arm-none-eabi/lib/thumb/v6-m\libc.a(lib_a-errno.o)
                0x08002ba8                __errno
 .text.exit     0x08002bb4       0x20 c:/program files (x86)/gnu tools arm embedded/7 2018-q2-update/bin/../lib/gcc/arm-none-eabi/7.3.1/../../../../arm-none-eabi/lib/thumb/v6-m\libc.a(lib_a-exit.o)
                0x08002bb4                exit
 .text._fclose_r
                0x08002bd4       0xd8 c:/program files (x86)/gnu tools arm embedded/7 2018-q2-update/bin/../lib/gcc/arm-none-eabi/7.3.1/../../../../arm-none-eabi/lib/thumb/v6-m\libc.a(lib_a-fclose.o)
                0x08002bd4                _fclose_r
 .text.fclose   0x08002cac       0x14 c:/program files (x86)/gnu tools arm embedded/7 2018-q2-update/bin/../lib/gcc/arm-none-eabi/7.3.1/../../../../arm-none-eabi/lib/thumb/v6-m\libc.a(lib_a-fclose.o)
                0x08002cac                fclose
 .text.__sflush_r
                0x08002cc0      0x150 c:/program files (x86)/gnu tools arm embedded/7 2018-q2-update/bin/../lib/gcc/arm-none-eabi/7.3.1/../../../../arm-none-eabi/lib/thumb/v6-m\libc.a(lib_a-fflush.o)
                0x08002cc0                __sflush_r
 .text._fflush_r
                0x08002e10       0x54 c:/program files (x86)/gnu tools arm embedded/7 2018-q2-update/bin/../lib/gcc/arm-none-eabi/7.3.1/../../../../arm-none-eabi/lib/thumb/v6-m\libc.a(lib_a-fflush.o)
                0x08002e10                _fflush_r
 .text.fflush   0x08002e64       0x28 c:/program files (x86)/gnu tools arm embedded/7 2018-q2-update/bin/../lib/gcc/arm-none-eabi/7.3.1/../../../../arm-none-eabi/lib/thumb/v6-m\libc.a(lib_a-fflush.o)
                0x08002e64                fflush
 .text.std      0x08002e8c       0x50 c:/program files (x86)/gnu tools arm embedded/7 2018-q2-update/bin/../lib/gcc/arm-none-eabi/7.3.1/../../../../arm-none-eabi/lib/thumb/v6-m\libc.a(lib_a-findfp.o)
 .text._cleanup_r
                0x08002edc       0x10 c:/program files (x86)/gnu tools arm embedded/7 2018-q2-update/bin/../lib/gcc/arm-none-eabi/7.3.1/../../../../arm-none-eabi/lib/thumb/v6-m\libc.a(lib_a-findfp.o)
                0x08002edc                _cleanup_r
 .text.__sfmoreglue
                0x08002eec       0x30 c:/program files (x86)/gnu tools arm embedded/7 2018-q2-update/bin/../lib/gcc/arm-none-eabi/7.3.1/../../../../arm-none-eabi/lib/thumb/v6-m\libc.a(lib_a-findfp.o)
                0x08002eec                __sfmoreglue
 .text.__sinit  0x08002f1c       0x60 c:/program files (x86)/gnu tools arm embedded/7 2018-q2-update/bin/../lib/gcc/arm-none-eabi/7.3.1/../../../../arm-none-eabi/lib/thumb/v6-m\libc.a(lib_a-findfp.o)
                0x08002f1c                __sinit
 .text.__sfp    0x08002f7c       0xac c:/program files (x86)/gnu tools arm embedded/7 2018-q2-update/bin/../lib/gcc/arm-none-eabi/7.3.1/../../../../arm-none-eabi/lib/thumb/v6-m\libc.a(lib_a-findfp.o)
                0x08002f7c                __sfp
 .text.__sfp_lock_acquire
                0x08003028       0x10 c:/program files (x86)/gnu tools arm embedded/7 2018-q2-update/bin/../lib/gcc/arm-none-eabi/7.3.1/../../../../arm-none-eabi/lib/thumb/v6-m\libc.a(lib_a-findfp.o)
                0x08003028                __sfp_lock_acquire
 .text.__sfp_lock_release
                0x08003038       0x10 c:/program files (x86)/gnu tools arm embedded/7 2018-q2-update/bin/../lib/gcc/arm-none-eabi/7.3.1/../../../../arm-none-eabi/lib/thumb/v6-m\libc.a(lib_a-findfp.o)
                0x08003038                __sfp_lock_release
 .text._fopen_r
                0x08003048       0xac c:/program files (x86)/gnu tools arm embedded/7 2018-q2-update/bin/../lib/gcc/arm-none-eabi/7.3.1/../../../../arm-none-eabi/lib/thumb/v6-m\libc.a(lib_a-fopen.o)
                0x08003048                _fopen_r
 .text.fopen    0x080030f4       0x18 c:/program files (x86)/gnu tools arm embedded/7 2018-q2-update/bin/../lib/gcc/arm-none-eabi/7.3.1/../../../../arm-none-eabi/lib/thumb/v6-m\libc.a(lib_a-fopen.o)
                0x080030f4                fopen
 .text._malloc_trim_r
                0x0800310c       0xa0 c:/program files (x86)/gnu tools arm embedded/7 2018-q2-update/bin/../lib/gcc/arm-none-eabi/7.3.1/../../../../arm-none-eabi/lib/thumb/v6-m\libc.a(lib_a-freer.o)
                0x0800310c                _malloc_trim_r
 .text._free_r  0x080031ac      0x1d4 c:/program files (x86)/gnu tools arm embedded/7 2018-q2-update/bin/../lib/gcc/arm-none-eabi/7.3.1/../../../../arm-none-eabi/lib/thumb/v6-m\libc.a(lib_a-freer.o)
                0x080031ac                _free_r
 .text._fseek_r
                0x08003380        0x8 c:/program files (x86)/gnu tools arm embedded/7 2018-q2-update/bin/../lib/gcc/arm-none-eabi/7.3.1/../../../../arm-none-eabi/lib/thumb/v6-m\libc.a(lib_a-fseek.o)
                0x08003380                _fseek_r
 .text._fseeko_r
                0x08003388      0x338 c:/program files (x86)/gnu tools arm embedded/7 2018-q2-update/bin/../lib/gcc/arm-none-eabi/7.3.1/../../../../arm-none-eabi/lib/thumb/v6-m\libc.a(lib_a-fseeko.o)
                0x08003388                _fseeko_r
 .text._fstat_r
                0x080036c0       0x28 c:/program files (x86)/gnu tools arm embedded/7 2018-q2-update/bin/../lib/gcc/arm-none-eabi/7.3.1/../../../../arm-none-eabi/lib/thumb/v6-m\libc.a(lib_a-fstatr.o)
                0x080036c0                _fstat_r
 .text.__sfvwrite_r
                0x080036e8      0x2fc c:/program files (x86)/gnu tools arm embedded/7 2018-q2-update/bin/../lib/gcc/arm-none-eabi/7.3.1/../../../../arm-none-eabi/lib/thumb/v6-m\libc.a(lib_a-fvwrite.o)
                0x080036e8                __sfvwrite_r
 .text._fwalk   0x080039e4       0x44 c:/program files (x86)/gnu tools arm embedded/7 2018-q2-update/bin/../lib/gcc/arm-none-eabi/7.3.1/../../../../arm-none-eabi/lib/thumb/v6-m\libc.a(lib_a-fwalk.o)
                0x080039e4                _fwalk
 .text._fwalk_reent
                0x08003a28       0x4c c:/program files (x86)/gnu tools arm embedded/7 2018-q2-update/bin/../lib/gcc/arm-none-eabi/7.3.1/../../../../arm-none-eabi/lib/thumb/v6-m\libc.a(lib_a-fwalk.o)
                0x08003a28                _fwalk_reent
 .text.__libc_init_array
                0x08003a74       0x48 c:/program files (x86)/gnu tools arm embedded/7 2018-q2-update/bin/../lib/gcc/arm-none-eabi/7.3.1/../../../../arm-none-eabi/lib/thumb/v6-m\libc.a(lib_a-init.o)
                0x08003a74                __libc_init_array
 .text.__retarget_lock_init_recursive
                0x08003abc        0x4 c:/program files (x86)/gnu tools arm embedded/7 2018-q2-update/bin/../lib/gcc/arm-none-eabi/7.3.1/../../../../arm-none-eabi/lib/thumb/v6-m\libc.a(lib_a-lock.o)
                0x08003abc                __retarget_lock_init_recursive
 .text.__retarget_lock_close_recursive
                0x08003ac0        0x4 c:/program files (x86)/gnu tools arm embedded/7 2018-q2-update/bin/../lib/gcc/arm-none-eabi/7.3.1/../../../../arm-none-eabi/lib/thumb/v6-m\libc.a(lib_a-lock.o)
                0x08003ac0                __retarget_lock_close_recursive
 .text.__retarget_lock_acquire_recursive
                0x08003ac4        0x4 c:/program files (x86)/gnu tools arm embedded/7 2018-q2-update/bin/../lib/gcc/arm-none-eabi/7.3.1/../../../../arm-none-eabi/lib/thumb/v6-m\libc.a(lib_a-lock.o)
                0x08003ac4                __retarget_lock_acquire_recursive
 .text.__retarget_lock_release_recursive
                0x08003ac8        0x4 c:/program files (x86)/gnu tools arm embedded/7 2018-q2-update/bin/../lib/gcc/arm-none-eabi/7.3.1/../../../../arm-none-eabi/lib/thumb/v6-m\libc.a(lib_a-lock.o)
                0x08003ac8                __retarget_lock_release_recursive
 .text.__swhatbuf_r
                0x08003acc       0x60 c:/program files (x86)/gnu tools arm embedded/7 2018-q2-update/bin/../lib/gcc/arm-none-eabi/7.3.1/../../../../arm-none-eabi/lib/thumb/v6-m\libc.a(lib_a-makebuf.o)
                0x08003acc                __swhatbuf_r
 .text.__smakebuf_r
                0x08003b2c       0x90 c:/program files (x86)/gnu tools arm embedded/7 2018-q2-update/bin/../lib/gcc/arm-none-eabi/7.3.1/../../../../arm-none-eabi/lib/thumb/v6-m\libc.a(lib_a-makebuf.o)
                0x08003b2c                __smakebuf_r
 .text.malloc   0x08003bbc       0x14 c:/program files (x86)/gnu tools arm embedded/7 2018-q2-update/bin/../lib/gcc/arm-none-eabi/7.3.1/../../../../arm-none-eabi/lib/thumb/v6-m\libc.a(lib_a-malloc.o)
                0x08003bbc                malloc
 .text.free     0x08003bd0       0x14 c:/program files (x86)/gnu tools arm embedded/7 2018-q2-update/bin/../lib/gcc/arm-none-eabi/7.3.1/../../../../arm-none-eabi/lib/thumb/v6-m\libc.a(lib_a-malloc.o)
                0x08003bd0                free
 .text._malloc_r
                0x08003be4      0x554 c:/program files (x86)/gnu tools arm embedded/7 2018-q2-update/bin/../lib/gcc/arm-none-eabi/7.3.1/../../../../arm-none-eabi/lib/thumb/v6-m\libc.a(lib_a-mallocr.o)
                0x08003be4                _malloc_r
 .text.memchr   0x08004138       0x80 c:/program files (x86)/gnu tools arm embedded/7 2018-q2-update/bin/../lib/gcc/arm-none-eabi/7.3.1/../../../../arm-none-eabi/lib/thumb/v6-m\libc.a(lib_a-memchr-stub.o)
                0x08004138                memchr
 .text.memcpy   0x080041b8       0x88 c:/program files (x86)/gnu tools arm embedded/7 2018-q2-update/bin/../lib/gcc/arm-none-eabi/7.3.1/../../../../arm-none-eabi/lib/thumb/v6-m\libc.a(lib_a-memcpy-stub.o)
                0x080041b8                memcpy
 .text.memmove  0x08004240       0x9c c:/program files (x86)/gnu tools arm embedded/7 2018-q2-update/bin/../lib/gcc/arm-none-eabi/7.3.1/../../../../arm-none-eabi/lib/thumb/v6-m\libc.a(lib_a-memmove.o)
                0x08004240                memmove
 .text.memset   0x080042dc       0x9c c:/program files (x86)/gnu tools arm embedded/7 2018-q2-update/bin/../lib/gcc/arm-none-eabi/7.3.1/../../../../arm-none-eabi/lib/thumb/v6-m\libc.a(lib_a-memset.o)
                0x080042dc                memset
 .text._open_r  0x08004378       0x28 c:/program files (x86)/gnu tools arm embedded/7 2018-q2-update/bin/../lib/gcc/arm-none-eabi/7.3.1/../../../../arm-none-eabi/lib/thumb/v6-m\libc.a(lib_a-openr.o)
                0x08004378                _open_r
 .text._realloc_r
                0x080043a0      0x3b0 c:/program files (x86)/gnu tools arm embedded/7 2018-q2-update/bin/../lib/gcc/arm-none-eabi/7.3.1/../../../../arm-none-eabi/lib/thumb/v6-m\libc.a(lib_a-reallocr.o)
                0x080043a0                _realloc_r
 .text.lflush   0x08004750       0x1c c:/program files (x86)/gnu tools arm embedded/7 2018-q2-update/bin/../lib/gcc/arm-none-eabi/7.3.1/../../../../arm-none-eabi/lib/thumb/v6-m\libc.a(lib_a-refill.o)
 .text.__srefill_r
                0x0800476c      0x124 c:/program files (x86)/gnu tools arm embedded/7 2018-q2-update/bin/../lib/gcc/arm-none-eabi/7.3.1/../../../../arm-none-eabi/lib/thumb/v6-m\libc.a(lib_a-refill.o)
                0x0800476c                __srefill_r
 .text._sbrk_r  0x08004890       0x24 c:/program files (x86)/gnu tools arm embedded/7 2018-q2-update/bin/../lib/gcc/arm-none-eabi/7.3.1/../../../../arm-none-eabi/lib/thumb/v6-m\libc.a(lib_a-sbrkr.o)
                0x08004890                _sbrk_r
 .text.setbuf   0x080048b4       0x14 c:/program files (x86)/gnu tools arm embedded/7 2018-q2-update/bin/../lib/gcc/arm-none-eabi/7.3.1/../../../../arm-none-eabi/lib/thumb/v6-m\libc.a(lib_a-setbuf.o)
                0x080048b4                setbuf
 .text.setvbuf  0x080048c8      0x198 c:/program files (x86)/gnu tools arm embedded/7 2018-q2-update/bin/../lib/gcc/arm-none-eabi/7.3.1/../../../../arm-none-eabi/lib/thumb/v6-m\libc.a(lib_a-setvbuf.o)
                0x080048c8                setvbuf
 .text.sprintf  0x08004a60       0x40 c:/program files (x86)/gnu tools arm embedded/7 2018-q2-update/bin/../lib/gcc/arm-none-eabi/7.3.1/../../../../arm-none-eabi/lib/thumb/v6-m\libc.a(lib_a-sprintf.o)
                0x08004a60                sprintf
 .text.sscanf   0x08004aa0       0x50 c:/program files (x86)/gnu tools arm embedded/7 2018-q2-update/bin/../lib/gcc/arm-none-eabi/7.3.1/../../../../arm-none-eabi/lib/thumb/v6-m\libc.a(lib_a-sscanf.o)
                0x08004aa0                sscanf
 .text.__sread  0x08004af0       0x28 c:/program files (x86)/gnu tools arm embedded/7 2018-q2-update/bin/../lib/gcc/arm-none-eabi/7.3.1/../../../../arm-none-eabi/lib/thumb/v6-m\libc.a(lib_a-stdio.o)
                0x08004af0                __sread
 .text.__seofread
                0x08004b18        0x4 c:/program files (x86)/gnu tools arm embedded/7 2018-q2-update/bin/../lib/gcc/arm-none-eabi/7.3.1/../../../../arm-none-eabi/lib/thumb/v6-m\libc.a(lib_a-stdio.o)
                0x08004b18                __seofread
 .text.__swrite
                0x08004b1c       0x3c c:/program files (x86)/gnu tools arm embedded/7 2018-q2-update/bin/../lib/gcc/arm-none-eabi/7.3.1/../../../../arm-none-eabi/lib/thumb/v6-m\libc.a(lib_a-stdio.o)
                0x08004b1c                __swrite
 .text.__sseek  0x08004b58       0x2c c:/program files (x86)/gnu tools arm embedded/7 2018-q2-update/bin/../lib/gcc/arm-none-eabi/7.3.1/../../../../arm-none-eabi/lib/thumb/v6-m\libc.a(lib_a-stdio.o)
                0x08004b58                __sseek
 .text.__sclose
                0x08004b84        0xc c:/program files (x86)/gnu tools arm embedded/7 2018-q2-update/bin/../lib/gcc/arm-none-eabi/7.3.1/../../../../arm-none-eabi/lib/thumb/v6-m\libc.a(lib_a-stdio.o)
                0x08004b84                __sclose
 .text          0x08004b90       0x88 c:/program files (x86)/gnu tools arm embedded/7 2018-q2-update/bin/../lib/gcc/arm-none-eabi/7.3.1/../../../../arm-none-eabi/lib/thumb/v6-m\libc.a(lib_a-strcmp.o)
                0x08004b90                strcmp
 .text.strlen   0x08004c18       0x64 c:/program files (x86)/gnu tools arm embedded/7 2018-q2-update/bin/../lib/gcc/arm-none-eabi/7.3.1/../../../../arm-none-eabi/lib/thumb/v6-m\libc.a(lib_a-strlen-stub.o)
                0x08004c18                strlen
 .text.strncmp  0x08004c7c       0x8c c:/program files (x86)/gnu tools arm embedded/7 2018-q2-update/bin/../lib/gcc/arm-none-eabi/7.3.1/../../../../arm-none-eabi/lib/thumb/v6-m\libc.a(lib_a-strncmp.o)
                0x08004c7c                strncmp
 .text._svfprintf_r
                0x08004d08     0x1b6c c:/program files (x86)/gnu tools arm embedded/7 2018-q2-update/bin/../lib/gcc/arm-none-eabi/7.3.1/../../../../arm-none-eabi/lib/thumb/v6-m\libc.a(lib_a-svfprintf.o)
                0x08004d08                _svfprintf_r
 .text.__ssvfscanf_r
                0x08006874     0x1720 c:/program files (x86)/gnu tools arm embedded/7 2018-q2-update/bin/../lib/gcc/arm-none-eabi/7.3.1/../../../../arm-none-eabi/lib/thumb/v6-m\libc.a(lib_a-svfscanf.o)
                0x08006874                __ssvfscanf_r
 .text._vfprintf_r
                0x08007f94     0x1c10 c:/program files (x86)/gnu tools arm embedded/7 2018-q2-update/bin/../lib/gcc/arm-none-eabi/7.3.1/../../../../arm-none-eabi/lib/thumb/v6-m\libc.a(lib_a-vfprintf.o)
                0x08007f94                _vfprintf_r
 .text.vfprintf
                0x08009ba4       0x18 c:/program files (x86)/gnu tools arm embedded/7 2018-q2-update/bin/../lib/gcc/arm-none-eabi/7.3.1/../../../../arm-none-eabi/lib/thumb/v6-m\libc.a(lib_a-vfprintf.o)
                0x08009ba4                vfprintf
 .text.__sbprintf
                0x08009bbc       0x88 c:/program files (x86)/gnu tools arm embedded/7 2018-q2-update/bin/../lib/gcc/arm-none-eabi/7.3.1/../../../../arm-none-eabi/lib/thumb/v6-m\libc.a(lib_a-vfprintf.o)
 .text._vsnprintf_r
                0x08009c44       0x74 c:/program files (x86)/gnu tools arm embedded/7 2018-q2-update/bin/../lib/gcc/arm-none-eabi/7.3.1/../../../../arm-none-eabi/lib/thumb/v6-m\libc.a(lib_a-vsnprintf.o)
                0x08009c44                _vsnprintf_r
 .text.vsnprintf
                0x08009cb8       0x20 c:/program files (x86)/gnu tools arm embedded/7 2018-q2-update/bin/../lib/gcc/arm-none-eabi/7.3.1/../../../../arm-none-eabi/lib/thumb/v6-m\libc.a(lib_a-vsnprintf.o)
                0x08009cb8                vsnprintf
 .text.__swbuf_r
                0x08009cd8       0xc8 c:/program files (x86)/gnu tools arm embedded/7 2018-q2-update/bin/../lib/gcc/arm-none-eabi/7.3.1/../../../../arm-none-eabi/lib/thumb/v6-m\libc.a(lib_a-wbuf.o)
                0x08009cd8                __swbuf_r
 .text._write_r
                0x08009da0       0x28 c:/program files (x86)/gnu tools arm embedded/7 2018-q2-update/bin/../lib/gcc/arm-none-eabi/7.3.1/../../../../arm-none-eabi/lib/thumb/v6-m\libc.a(lib_a-writer.o)
                0x08009da0                _write_r
 .text.__swsetup_r
                0x08009dc8       0xd4 c:/program files (x86)/gnu tools arm embedded/7 2018-q2-update/bin/../lib/gcc/arm-none-eabi/7.3.1/../../../../arm-none-eabi/lib/thumb/v6-m\libc.a(lib_a-wsetup.o)
                0x08009dc8                __swsetup_r
 .text.startup.register_fini
                0x08009e9c       0x18 c:/program files (x86)/gnu tools arm embedded/7 2018-q2-update/bin/../lib/gcc/arm-none-eabi/7.3.1/../../../../arm-none-eabi/lib/thumb/v6-m\libc.a(lib_a-__call_atexit.o)
 .text.__call_exitprocs
                0x08009eb4      0x118 c:/program files (x86)/gnu tools arm embedded/7 2018-q2-update/bin/../lib/gcc/arm-none-eabi/7.3.1/../../../../arm-none-eabi/lib/thumb/v6-m\libc.a(lib_a-__call_atexit.o)
                0x08009eb4                __call_exitprocs
 .text.atexit   0x08009fcc       0x10 c:/program files (x86)/gnu tools arm embedded/7 2018-q2-update/bin/../lib/gcc/arm-none-eabi/7.3.1/../../../../arm-none-eabi/lib/thumb/v6-m\libc.a(lib_a-atexit.o)
                0x08009fcc                atexit
 .text._close_r
                0x08009fdc       0x24 c:/program files (x86)/gnu tools arm embedded/7 2018-q2-update/bin/../lib/gcc/arm-none-eabi/7.3.1/../../../../arm-none-eabi/lib/thumb/v6-m\libc.a(lib_a-closer.o)
                0x08009fdc                _close_r
 .text.quorem   0x0800a000      0x154 c:/program files (x86)/gnu tools arm embedded/7 2018-q2-update/bin/../lib/gcc/arm-none-eabi/7.3.1/../../../../arm-none-eabi/lib/thumb/v6-m\libc.a(lib_a-dtoa.o)
 .text._dtoa_r  0x0800a154      0xf4c c:/program files (x86)/gnu tools arm embedded/7 2018-q2-update/bin/../lib/gcc/arm-none-eabi/7.3.1/../../../../arm-none-eabi/lib/thumb/v6-m\libc.a(lib_a-dtoa.o)
                0x0800a154                _dtoa_r
 .text.__libc_fini_array
                0x0800b0a0       0x34 c:/program files (x86)/gnu tools arm embedded/7 2018-q2-update/bin/../lib/gcc/arm-none-eabi/7.3.1/../../../../arm-none-eabi/lib/thumb/v6-m\libc.a(lib_a-fini.o)
                0x0800b0a0                __libc_fini_array
 .text.__sflags
                0x0800b0d4       0x9c c:/program files (x86)/gnu tools arm embedded/7 2018-q2-update/bin/../lib/gcc/arm-none-eabi/7.3.1/../../../../arm-none-eabi/lib/thumb/v6-m\libc.a(lib_a-flags.o)
                0x0800b0d4                __sflags
 .text._isatty_r
                0x0800b170       0x24 c:/program files (x86)/gnu tools arm embedded/7 2018-q2-update/bin/../lib/gcc/arm-none-eabi/7.3.1/../../../../arm-none-eabi/lib/thumb/v6-m\libc.a(lib_a-isattyr.o)
                0x0800b170                _isatty_r
 .text.iswspace
                0x0800b194       0x18 c:/program files (x86)/gnu tools arm embedded/7 2018-q2-update/bin/../lib/gcc/arm-none-eabi/7.3.1/../../../../arm-none-eabi/lib/thumb/v6-m\libc.a(lib_a-iswspace.o)
                0x0800b194                iswspace
 .text.__locale_mb_cur_max
                0x0800b1ac       0x1c c:/program files (x86)/gnu tools arm embedded/7 2018-q2-update/bin/../lib/gcc/arm-none-eabi/7.3.1/../../../../arm-none-eabi/lib/thumb/v6-m\libc.a(lib_a-locale.o)
                0x0800b1ac                __locale_mb_cur_max
 .text.__locale_ctype_ptr_l
                0x0800b1c8        0x8 c:/program files (x86)/gnu tools arm embedded/7 2018-q2-update/bin/../lib/gcc/arm-none-eabi/7.3.1/../../../../arm-none-eabi/lib/thumb/v6-m\libc.a(lib_a-locale.o)
                0x0800b1c8                __locale_ctype_ptr_l
 .text.__locale_ctype_ptr
                0x0800b1d0       0x1c c:/program files (x86)/gnu tools arm embedded/7 2018-q2-update/bin/../lib/gcc/arm-none-eabi/7.3.1/../../../../arm-none-eabi/lib/thumb/v6-m\libc.a(lib_a-locale.o)
                0x0800b1d0                __locale_ctype_ptr
 .text.__localeconv_l
                0x0800b1ec        0x4 c:/program files (x86)/gnu tools arm embedded/7 2018-q2-update/bin/../lib/gcc/arm-none-eabi/7.3.1/../../../../arm-none-eabi/lib/thumb/v6-m\libc.a(lib_a-localeconv.o)
                0x0800b1ec                __localeconv_l
 .text._localeconv_r
                0x0800b1f0       0x18 c:/program files (x86)/gnu tools arm embedded/7 2018-q2-update/bin/../lib/gcc/arm-none-eabi/7.3.1/../../../../arm-none-eabi/lib/thumb/v6-m\libc.a(lib_a-localeconv.o)
                0x0800b1f0                _localeconv_r
 .text._lseek_r
                0x0800b208       0x28 c:/program files (x86)/gnu tools arm embedded/7 2018-q2-update/bin/../lib/gcc/arm-none-eabi/7.3.1/../../../../arm-none-eabi/lib/thumb/v6-m\libc.a(lib_a-lseekr.o)
                0x0800b208                _lseek_r
 .text._mbrtowc_r
                0x0800b230       0x64 c:/program files (x86)/gnu tools arm embedded/7 2018-q2-update/bin/../lib/gcc/arm-none-eabi/7.3.1/../../../../arm-none-eabi/lib/thumb/v6-m\libc.a(lib_a-mbrtowc.o)
                0x0800b230                _mbrtowc_r
 .text.__ascii_mbtowc
                0x0800b294       0x2c c:/program files (x86)/gnu tools arm embedded/7 2018-q2-update/bin/../lib/gcc/arm-none-eabi/7.3.1/../../../../arm-none-eabi/lib/thumb/v6-m\libc.a(lib_a-mbtowc_r.o)
                0x0800b294                __ascii_mbtowc
 .text._Balloc  0x0800b2c0       0x50 c:/program files (x86)/gnu tools arm embedded/7 2018-q2-update/bin/../lib/gcc/arm-none-eabi/7.3.1/../../../../arm-none-eabi/lib/thumb/v6-m\libc.a(lib_a-mprec.o)
                0x0800b2c0                _Balloc
 .text._Bfree   0x0800b310       0x14 c:/program files (x86)/gnu tools arm embedded/7 2018-q2-update/bin/../lib/gcc/arm-none-eabi/7.3.1/../../../../arm-none-eabi/lib/thumb/v6-m\libc.a(lib_a-mprec.o)
                0x0800b310                _Bfree
 .text.__multadd
                0x0800b324       0x8c c:/program files (x86)/gnu tools arm embedded/7 2018-q2-update/bin/../lib/gcc/arm-none-eabi/7.3.1/../../../../arm-none-eabi/lib/thumb/v6-m\libc.a(lib_a-mprec.o)
                0x0800b324                __multadd
 .text.__s2b    0x0800b3b0       0x90 c:/program files (x86)/gnu tools arm embedded/7 2018-q2-update/bin/../lib/gcc/arm-none-eabi/7.3.1/../../../../arm-none-eabi/lib/thumb/v6-m\libc.a(lib_a-mprec.o)
                0x0800b3b0                __s2b
 .text.__hi0bits
                0x0800b440       0x38 c:/program files (x86)/gnu tools arm embedded/7 2018-q2-update/bin/../lib/gcc/arm-none-eabi/7.3.1/../../../../arm-none-eabi/lib/thumb/v6-m\libc.a(lib_a-mprec.o)
                0x0800b440                __hi0bits
 .text.__lo0bits
                0x0800b478       0x5c c:/program files (x86)/gnu tools arm embedded/7 2018-q2-update/bin/../lib/gcc/arm-none-eabi/7.3.1/../../../../arm-none-eabi/lib/thumb/v6-m\libc.a(lib_a-mprec.o)
                0x0800b478                __lo0bits
 .text.__i2b    0x0800b4d4       0x14 c:/program files (x86)/gnu tools arm embedded/7 2018-q2-update/bin/../lib/gcc/arm-none-eabi/7.3.1/../../../../arm-none-eabi/lib/thumb/v6-m\libc.a(lib_a-mprec.o)
                0x0800b4d4                __i2b
 .text.__multiply
                0x0800b4e8      0x178 c:/program files (x86)/gnu tools arm embedded/7 2018-q2-update/bin/../lib/gcc/arm-none-eabi/7.3.1/../../../../arm-none-eabi/lib/thumb/v6-m\libc.a(lib_a-mprec.o)
                0x0800b4e8                __multiply
 .text.__pow5mult
                0x0800b660       0xc0 c:/program files (x86)/gnu tools arm embedded/7 2018-q2-update/bin/../lib/gcc/arm-none-eabi/7.3.1/../../../../arm-none-eabi/lib/thumb/v6-m\libc.a(lib_a-mprec.o)
                0x0800b660                __pow5mult
 .text.__lshift
                0x0800b720       0xc8 c:/program files (x86)/gnu tools arm embedded/7 2018-q2-update/bin/../lib/gcc/arm-none-eabi/7.3.1/../../../../arm-none-eabi/lib/thumb/v6-m\libc.a(lib_a-mprec.o)
                0x0800b720                __lshift
 .text.__mcmp   0x0800b7e8       0x34 c:/program files (x86)/gnu tools arm embedded/7 2018-q2-update/bin/../lib/gcc/arm-none-eabi/7.3.1/../../../../arm-none-eabi/lib/thumb/v6-m\libc.a(lib_a-mprec.o)
                0x0800b7e8                __mcmp
 .text.__mdiff  0x0800b81c      0x124 c:/program files (x86)/gnu tools arm embedded/7 2018-q2-update/bin/../lib/gcc/arm-none-eabi/7.3.1/../../../../arm-none-eabi/lib/thumb/v6-m\libc.a(lib_a-mprec.o)
                0x0800b81c                __mdiff
 .text.__ulp    0x0800b940       0x4c c:/program files (x86)/gnu tools arm embedded/7 2018-q2-update/bin/../lib/gcc/arm-none-eabi/7.3.1/../../../../arm-none-eabi/lib/thumb/v6-m\libc.a(lib_a-mprec.o)
                0x0800b940                __ulp
 .text.__b2d    0x0800b98c       0xbc c:/program files (x86)/gnu tools arm embedded/7 2018-q2-update/bin/../lib/gcc/arm-none-eabi/7.3.1/../../../../arm-none-eabi/lib/thumb/v6-m\libc.a(lib_a-mprec.o)
                0x0800b98c                __b2d
 .text.__d2b    0x0800ba48       0xbc c:/program files (x86)/gnu tools arm embedded/7 2018-q2-update/bin/../lib/gcc/arm-none-eabi/7.3.1/../../../../arm-none-eabi/lib/thumb/v6-m\libc.a(lib_a-mprec.o)
                0x0800ba48                __d2b
 .text.__ratio  0x0800bb04       0x74 c:/program files (x86)/gnu tools arm embedded/7 2018-q2-update/bin/../lib/gcc/arm-none-eabi/7.3.1/../../../../arm-none-eabi/lib/thumb/v6-m\libc.a(lib_a-mprec.o)
                0x0800bb04                __ratio
 .text.__copybits
                0x0800bb78       0x40 c:/program files (x86)/gnu tools arm embedded/7 2018-q2-update/bin/../lib/gcc/arm-none-eabi/7.3.1/../../../../arm-none-eabi/lib/thumb/v6-m\libc.a(lib_a-mprec.o)
                0x0800bb78                __copybits
 .text.__any_on
                0x0800bbb8       0x58 c:/program files (x86)/gnu tools arm embedded/7 2018-q2-update/bin/../lib/gcc/arm-none-eabi/7.3.1/../../../../arm-none-eabi/lib/thumb/v6-m\libc.a(lib_a-mprec.o)
                0x0800bbb8                __any_on
 .text._read_r  0x0800bc10       0x28 c:/program files (x86)/gnu tools arm embedded/7 2018-q2-update/bin/../lib/gcc/arm-none-eabi/7.3.1/../../../../arm-none-eabi/lib/thumb/v6-m\libc.a(lib_a-readr.o)
                0x0800bc10                _read_r
 .text.realloc  0x0800bc38       0x18 c:/program files (x86)/gnu tools arm embedded/7 2018-q2-update/bin/../lib/gcc/arm-none-eabi/7.3.1/../../../../arm-none-eabi/lib/thumb/v6-m\libc.a(lib_a-realloc.o)
                0x0800bc38                realloc
 .text.frexp    0x0800bc50       0x64 c:/program files (x86)/gnu tools arm embedded/7 2018-q2-update/bin/../lib/gcc/arm-none-eabi/7.3.1/../../../../arm-none-eabi/lib/thumb/v6-m\libc.a(lib_a-s_frexp.o)
                0x0800bc50                frexp
 .text.__sccl   0x0800bcb4       0x6c c:/program files (x86)/gnu tools arm embedded/7 2018-q2-update/bin/../lib/gcc/arm-none-eabi/7.3.1/../../../../arm-none-eabi/lib/thumb/v6-m\libc.a(lib_a-sccl.o)
                0x0800bcb4                __sccl
 .text.nanf     0x0800bd20        0x8 c:/program files (x86)/gnu tools arm embedded/7 2018-q2-update/bin/../lib/gcc/arm-none-eabi/7.3.1/../../../../arm-none-eabi/lib/thumb/v6-m\libc.a(lib_a-sf_nan.o)
                0x0800bd20                nanf
 .text.strncpy  0x0800bd28       0x8c c:/program files (x86)/gnu tools arm embedded/7 2018-q2-update/bin/../lib/gcc/arm-none-eabi/7.3.1/../../../../arm-none-eabi/lib/thumb/v6-m\libc.a(lib_a-strncpy.o)
                0x0800bd28                strncpy
 .text.unlikely.sulp
                0x0800bdb4       0x30 c:/program files (x86)/gnu tools arm embedded/7 2018-q2-update/bin/../lib/gcc/arm-none-eabi/7.3.1/../../../../arm-none-eabi/lib/thumb/v6-m\libc.a(lib_a-strtod.o)
 .text._strtod_l
                0x0800bde4      0xe6c c:/program files (x86)/gnu tools arm embedded/7 2018-q2-update/bin/../lib/gcc/arm-none-eabi/7.3.1/../../../../arm-none-eabi/lib/thumb/v6-m\libc.a(lib_a-strtod.o)
                0x0800bde4                _strtod_l
 .text._strtod_r
                0x0800cc50       0x1c c:/program files (x86)/gnu tools arm embedded/7 2018-q2-update/bin/../lib/gcc/arm-none-eabi/7.3.1/../../../../arm-none-eabi/lib/thumb/v6-m\libc.a(lib_a-strtod.o)
                0x0800cc50                _strtod_r
 .text._strtol_l.isra.0
                0x0800cc6c      0x13c c:/program files (x86)/gnu tools arm embedded/7 2018-q2-update/bin/../lib/gcc/arm-none-eabi/7.3.1/../../../../arm-none-eabi/lib/thumb/v6-m\libc.a(lib_a-strtol.o)
 .text._strtol_r
                0x0800cda8       0x24 c:/program files (x86)/gnu tools arm embedded/7 2018-q2-update/bin/../lib/gcc/arm-none-eabi/7.3.1/../../../../arm-none-eabi/lib/thumb/v6-m\libc.a(lib_a-strtol.o)
                0x0800cda8                _strtol_r
 .text._strtoll_l.isra.0
                0x0800cdcc      0x1ac c:/program files (x86)/gnu tools arm embedded/7 2018-q2-update/bin/../lib/gcc/arm-none-eabi/7.3.1/../../../../arm-none-eabi/lib/thumb/v6-m\libc.a(lib_a-strtoll.o)
 .text._strtoll_r
                0x0800cf78       0x24 c:/program files (x86)/gnu tools arm embedded/7 2018-q2-update/bin/../lib/gcc/arm-none-eabi/7.3.1/../../../../arm-none-eabi/lib/thumb/v6-m\libc.a(lib_a-strtoll.o)
                0x0800cf78                _strtoll_r
 .text._strtoul_l.isra.0
                0x0800cf9c      0x150 c:/program files (x86)/gnu tools arm embedded/7 2018-q2-update/bin/../lib/gcc/arm-none-eabi/7.3.1/../../../../arm-none-eabi/lib/thumb/v6-m\libc.a(lib_a-strtoul.o)
 .text._strtoul_r
                0x0800d0ec       0x24 c:/program files (x86)/gnu tools arm embedded/7 2018-q2-update/bin/../lib/gcc/arm-none-eabi/7.3.1/../../../../arm-none-eabi/lib/thumb/v6-m\libc.a(lib_a-strtoul.o)
                0x0800d0ec                _strtoul_r
 .text._strtoull_l.isra.0
                0x0800d110      0x1c4 c:/program files (x86)/gnu tools arm embedded/7 2018-q2-update/bin/../lib/gcc/arm-none-eabi/7.3.1/../../../../arm-none-eabi/lib/thumb/v6-m\libc.a(lib_a-strtoull.o)
 .text._strtoull_r
                0x0800d2d4       0x24 c:/program files (x86)/gnu tools arm embedded/7 2018-q2-update/bin/../lib/gcc/arm-none-eabi/7.3.1/../../../../arm-none-eabi/lib/thumb/v6-m\libc.a(lib_a-strtoull.o)
                0x0800d2d4                _strtoull_r
 .text.__ssprint_r
                0x0800d2f8      0x118 c:/program files (x86)/gnu tools arm embedded/7 2018-q2-update/bin/../lib/gcc/arm-none-eabi/7.3.1/../../../../arm-none-eabi/lib/thumb/v6-m\libc.a(lib_a-svfiprintf.o)
                0x0800d2f8                __ssprint_r
 .text._sungetc_r
                0x0800d410       0x80 c:/program files (x86)/gnu tools arm embedded/7 2018-q2-update/bin/../lib/gcc/arm-none-eabi/7.3.1/../../../../arm-none-eabi/lib/thumb/v6-m\libc.a(lib_a-svfiscanf.o)
                0x0800d410                _sungetc_r
 .text.__ssrefill_r
                0x0800d490       0x40 c:/program files (x86)/gnu tools arm embedded/7 2018-q2-update/bin/../lib/gcc/arm-none-eabi/7.3.1/../../../../arm-none-eabi/lib/thumb/v6-m\libc.a(lib_a-svfiscanf.o)
                0x0800d490                __ssrefill_r
 .text._sfread_r
                0x0800d4d0       0x8c c:/program files (x86)/gnu tools arm embedded/7 2018-q2-update/bin/../lib/gcc/arm-none-eabi/7.3.1/../../../../arm-none-eabi/lib/thumb/v6-m\libc.a(lib_a-svfiscanf.o)
                0x0800d4d0                _sfread_r
 .text.__submore
                0x0800d55c       0x84 c:/program files (x86)/gnu tools arm embedded/7 2018-q2-update/bin/../lib/gcc/arm-none-eabi/7.3.1/../../../../arm-none-eabi/lib/thumb/v6-m\libc.a(lib_a-ungetc.o)
                0x0800d55c                __submore
 .text.__sprint_r.part.0
                0x0800d5e0       0x80 c:/program files (x86)/gnu tools arm embedded/7 2018-q2-update/bin/../lib/gcc/arm-none-eabi/7.3.1/../../../../arm-none-eabi/lib/thumb/v6-m\libc.a(lib_a-vfiprintf.o)
 .text.__sprint_r
                0x0800d660       0x14 c:/program files (x86)/gnu tools arm embedded/7 2018-q2-update/bin/../lib/gcc/arm-none-eabi/7.3.1/../../../../arm-none-eabi/lib/thumb/v6-m\libc.a(lib_a-vfiprintf.o)
                0x0800d660                __sprint_r
 .text.__ascii_wctomb
                0x0800d674       0x1c c:/program files (x86)/gnu tools arm embedded/7 2018-q2-update/bin/../lib/gcc/arm-none-eabi/7.3.1/../../../../arm-none-eabi/lib/thumb/v6-m\libc.a(lib_a-wctomb_r.o)
                0x0800d674                __ascii_wctomb
 .text.__register_exitproc
                0x0800d690       0xf4 c:/program files (x86)/gnu tools arm embedded/7 2018-q2-update/bin/../lib/gcc/arm-none-eabi/7.3.1/../../../../arm-none-eabi/lib/thumb/v6-m\libc.a(lib_a-__atexit.o)
                0x0800d690                __register_exitproc
 .text._calloc_r
                0x0800d784       0x58 c:/program files (x86)/gnu tools arm embedded/7 2018-q2-update/bin/../lib/gcc/arm-none-eabi/7.3.1/../../../../arm-none-eabi/lib/thumb/v6-m\libc.a(lib_a-callocr.o)
                0x0800d784                _calloc_r
 .text.__fputwc
                0x0800d7dc       0x94 c:/program files (x86)/gnu tools arm embedded/7 2018-q2-update/bin/../lib/gcc/arm-none-eabi/7.3.1/../../../../arm-none-eabi/lib/thumb/v6-m\libc.a(lib_a-fputwc.o)
                0x0800d7dc                __fputwc
 .text._fputwc_r
                0x0800d870       0x5c c:/program files (x86)/gnu tools arm embedded/7 2018-q2-update/bin/../lib/gcc/arm-none-eabi/7.3.1/../../../../arm-none-eabi/lib/thumb/v6-m\libc.a(lib_a-fputwc.o)
                0x0800d870                _fputwc_r
 .text.rshift   0x0800d8cc       0xa8 c:/program files (x86)/gnu tools arm embedded/7 2018-q2-update/bin/../lib/gcc/arm-none-eabi/7.3.1/../../../../arm-none-eabi/lib/thumb/v6-m\libc.a(lib_a-gdtoa-gethex.o)
 .text.__gethex
                0x0800d974      0x550 c:/program files (x86)/gnu tools arm embedded/7 2018-q2-update/bin/../lib/gcc/arm-none-eabi/7.3.1/../../../../arm-none-eabi/lib/thumb/v6-m\libc.a(lib_a-gdtoa-gethex.o)
                0x0800d974                __gethex
 .text.__match  0x0800dec4       0x2c c:/program files (x86)/gnu tools arm embedded/7 2018-q2-update/bin/../lib/gcc/arm-none-eabi/7.3.1/../../../../arm-none-eabi/lib/thumb/v6-m\libc.a(lib_a-gdtoa-hexnan.o)
                0x0800dec4                __match
 .text.__hexnan
                0x0800def0      0x1a0 c:/program files (x86)/gnu tools arm embedded/7 2018-q2-update/bin/../lib/gcc/arm-none-eabi/7.3.1/../../../../arm-none-eabi/lib/thumb/v6-m\libc.a(lib_a-gdtoa-hexnan.o)
                0x0800def0                __hexnan
 .text._wcrtomb_r
                0x0800e090       0x58 c:/program files (x86)/gnu tools arm embedded/7 2018-q2-update/bin/../lib/gcc/arm-none-eabi/7.3.1/../../../../arm-none-eabi/lib/thumb/v6-m\libc.a(lib_a-wcrtomb.o)
                0x0800e090                _wcrtomb_r
 .text          0x0800e0e8       0x14 c:/program files (x86)/gnu tools arm embedded/7 2018-q2-update/bin/../lib/gcc/arm-none-eabi/7.3.1/thumb/v6-m\libgcc.a(_thumb1_case_sqi.o)
                0x0800e0e8                __gnu_thumb1_case_sqi
 .text          0x0800e0fc       0x14 c:/program files (x86)/gnu tools arm embedded/7 2018-q2-update/bin/../lib/gcc/arm-none-eabi/7.3.1/thumb/v6-m\libgcc.a(_thumb1_case_uqi.o)
                0x0800e0fc                __gnu_thumb1_case_uqi
 .text          0x0800e110      0x114 c:/program files (x86)/gnu tools arm embedded/7 2018-q2-update/bin/../lib/gcc/arm-none-eabi/7.3.1/thumb/v6-m\libgcc.a(_udivsi3.o)
                0x0800e110                __aeabi_uidiv
                0x0800e110                __udivsi3
                0x0800e21c                __aeabi_uidivmod
 .text          0x0800e224      0x1d4 c:/program files (x86)/gnu tools arm embedded/7 2018-q2-update/bin/../lib/gcc/arm-none-eabi/7.3.1/thumb/v6-m\libgcc.a(_divsi3.o)
                0x0800e224                __divsi3
                0x0800e224                __aeabi_idiv
                0x0800e3f0                __aeabi_idivmod
 .text          0x0800e3f8        0x4 c:/program files (x86)/gnu tools arm embedded/7 2018-q2-update/bin/../lib/gcc/arm-none-eabi/7.3.1/thumb/v6-m\libgcc.a(_dvmd_tls.o)
                0x0800e3f8                __aeabi_idiv0
                0x0800e3f8                __aeabi_ldiv0
 .text          0x0800e3fc       0x7c c:/program files (x86)/gnu tools arm embedded/7 2018-q2-update/bin/../lib/gcc/arm-none-eabi/7.3.1/thumb/v6-m\libgcc.a(_arm_cmpdf2.o)
                0x0800e3fc                __aeabi_cdrcmple
                0x0800e40c                __aeabi_cdcmple
                0x0800e40c                __aeabi_cdcmpeq
                0x0800e41c                __aeabi_dcmpeq
                0x0800e428                __aeabi_dcmplt
                0x0800e43c                __aeabi_dcmple
                0x0800e450                __aeabi_dcmpgt
                0x0800e464                __aeabi_dcmpge
 .text          0x0800e478       0x40 c:/program files (x86)/gnu tools arm embedded/7 2018-q2-update/bin/../lib/gcc/arm-none-eabi/7.3.1/thumb/v6-m\libgcc.a(_aeabi_uldivmod.o)
                0x0800e478                __aeabi_uldivmod
 .text          0x0800e4b8       0x54 c:/program files (x86)/gnu tools arm embedded/7 2018-q2-update/bin/../lib/gcc/arm-none-eabi/7.3.1/thumb/v6-m\libgcc.a(_muldi3.o)
                0x0800e4b8                __muldi3
                0x0800e4b8                __aeabi_lmul
 .text          0x0800e50c       0x3c c:/program files (x86)/gnu tools arm embedded/7 2018-q2-update/bin/../lib/gcc/arm-none-eabi/7.3.1/thumb/v6-m\libgcc.a(_fixunsdfsi.o)
                0x0800e50c                __aeabi_d2uiz
                0x0800e50c                __fixunsdfsi
 .text          0x0800e548      0x184 c:/program files (x86)/gnu tools arm embedded/7 2018-q2-update/bin/../lib/gcc/arm-none-eabi/7.3.1/thumb/v6-m\libgcc.a(_udivmoddi4.o)
                0x0800e548                __udivmoddi4
 .text          0x0800e6cc      0x638 c:/program files (x86)/gnu tools arm embedded/7 2018-q2-update/bin/../lib/gcc/arm-none-eabi/7.3.1/thumb/v6-m\libgcc.a(adddf3.o)
                0x0800e6cc                __aeabi_dadd
 .text          0x0800ed04      0x604 c:/program files (x86)/gnu tools arm embedded/7 2018-q2-update/bin/../lib/gcc/arm-none-eabi/7.3.1/thumb/v6-m\libgcc.a(divdf3.o)
                0x0800ed04                __aeabi_ddiv
 .text          0x0800f308       0x78 c:/program files (x86)/gnu tools arm embedded/7 2018-q2-update/bin/../lib/gcc/arm-none-eabi/7.3.1/thumb/v6-m\libgcc.a(eqdf2.o)
                0x0800f308                __nedf2
                0x0800f308                __eqdf2
 .text          0x0800f380       0xc8 c:/program files (x86)/gnu tools arm embedded/7 2018-q2-update/bin/../lib/gcc/arm-none-eabi/7.3.1/thumb/v6-m\libgcc.a(gedf2.o)
                0x0800f380                __gedf2
                0x0800f380                __gtdf2
 .text          0x0800f448       0xd0 c:/program files (x86)/gnu tools arm embedded/7 2018-q2-update/bin/../lib/gcc/arm-none-eabi/7.3.1/thumb/v6-m\libgcc.a(ledf2.o)
                0x0800f448                __ledf2
                0x0800f448                __ltdf2
 .text          0x0800f518      0x4e4 c:/program files (x86)/gnu tools arm embedded/7 2018-q2-update/bin/../lib/gcc/arm-none-eabi/7.3.1/thumb/v6-m\libgcc.a(muldf3.o)
                0x0800f518                __aeabi_dmul
 .text          0x0800f9fc      0x690 c:/program files (x86)/gnu tools arm embedded/7 2018-q2-update/bin/../lib/gcc/arm-none-eabi/7.3.1/thumb/v6-m\libgcc.a(subdf3.o)
                0x0800f9fc                __aeabi_dsub
 .text          0x0801008c       0x38 c:/program files (x86)/gnu tools arm embedded/7 2018-q2-update/bin/../lib/gcc/arm-none-eabi/7.3.1/thumb/v6-m\libgcc.a(unorddf2.o)
                0x0801008c                __aeabi_dcmpun
 .text          0x080100c4       0x6c c:/program files (x86)/gnu tools arm embedded/7 2018-q2-update/bin/../lib/gcc/arm-none-eabi/7.3.1/thumb/v6-m\libgcc.a(fixdfsi.o)
                0x080100c4                __aeabi_d2iz
 .text          0x08010130       0x74 c:/program files (x86)/gnu tools arm embedded/7 2018-q2-update/bin/../lib/gcc/arm-none-eabi/7.3.1/thumb/v6-m\libgcc.a(floatsidf.o)
                0x08010130                __aeabi_i2d
 .text          0x080101a4       0x64 c:/program files (x86)/gnu tools arm embedded/7 2018-q2-update/bin/../lib/gcc/arm-none-eabi/7.3.1/thumb/v6-m\libgcc.a(floatunsidf.o)
                0x080101a4                __aeabi_ui2d
 .text          0x08010208      0x108 c:/program files (x86)/gnu tools arm embedded/7 2018-q2-update/bin/../lib/gcc/arm-none-eabi/7.3.1/thumb/v6-m\libgcc.a(truncdfsf2.o)
                0x08010208                __aeabi_d2f
 .text          0x08010310      0xa08 c:/program files (x86)/gnu tools arm embedded/7 2018-q2-update/bin/../lib/gcc/arm-none-eabi/7.3.1/thumb/v6-m\libgcc.a(unwind-arm.o)
                0x080105cc                _Unwind_GetCFA
                0x080105d0                __gnu_Unwind_RaiseException
                0x08010624                __gnu_Unwind_ForcedUnwind
                0x08010638                __gnu_Unwind_Resume
                0x08010680                __gnu_Unwind_Resume_or_Rethrow
                0x0801069c                _Unwind_Complete
                0x080106a0                _Unwind_DeleteException
                0x080106b0                _Unwind_VRS_Get
                0x080106f8                _Unwind_VRS_Set
                0x08010740                __gnu_Unwind_Backtrace
                0x08010a90                __aeabi_unwind_cpp_pr0
                0x08010a9c                __aeabi_unwind_cpp_pr1
                0x08010aa8                __aeabi_unwind_cpp_pr2
                0x08010ab4                _Unwind_VRS_Pop
 .text          0x08010d18      0x144 c:/program files (x86)/gnu tools arm embedded/7 2018-q2-update/bin/../lib/gcc/arm-none-eabi/7.3.1/thumb/v6-m\libgcc.a(libunwind.o)
                0x08010d18                __restore_core_regs
                0x08010d18                restore_core_regs
                0x08010d44                __gnu_Unwind_Restore_VFP
                0x08010d48                __gnu_Unwind_Save_VFP
                0x08010d4c                __gnu_Unwind_Restore_VFP_D
                0x08010d50                __gnu_Unwind_Save_VFP_D
                0x08010d54                __gnu_Unwind_Restore_VFP_D_16_to_31
                0x08010d58                __gnu_Unwind_Save_VFP_D_16_to_31
                0x08010d5c                __gnu_Unwind_Restore_WMMXD
                0x08010d60                __gnu_Unwind_Save_WMMXD
                0x08010d64                __gnu_Unwind_Restore_WMMXC
                0x08010d68                __gnu_Unwind_Save_WMMXC
                0x08010d6c                ___Unwind_RaiseException
                0x08010d6c                _Unwind_RaiseException
                0x08010d9c                _Unwind_Resume
                0x08010d9c                ___Unwind_Resume
                0x08010dcc                _Unwind_Resume_or_Rethrow
                0x08010dcc                ___Unwind_Resume_or_Rethrow
                0x08010dfc                _Unwind_ForcedUnwind
                0x08010dfc                ___Unwind_ForcedUnwind
                0x08010e2c                ___Unwind_Backtrace
                0x08010e2c                _Unwind_Backtrace
 .text          0x08010e5c      0x39c c:/program files (x86)/gnu tools arm embedded/7 2018-q2-update/bin/../lib/gcc/arm-none-eabi/7.3.1/thumb/v6-m\libgcc.a(pr-support.o)
                0x08010eb0                __gnu_unwind_execute
                0x080111a0                __gnu_unwind_frame
                0x080111c8                _Unwind_GetRegionStart
                0x080111d4                _Unwind_GetLanguageSpecificData
                0x080111e8                _Unwind_GetDataRelBase
                0x080111f0                _Unwind_GetTextRelBase
 .text          0x080111f8       0x3c c:/program files (x86)/gnu tools arm embedded/7 2018-q2-update/bin/../lib/gcc/arm-none-eabi/7.3.1/thumb/v6-m\libgcc.a(_clzsi2.o)
                0x080111f8                __clzsi2
 .text          0x08011234       0x18 c:/program files (x86)/gnu tools arm embedded/7 2018-q2-update/bin/../lib/gcc/arm-none-eabi/7.3.1/thumb/v6-m\libgcc.a(_clzdi2.o)
                0x08011234                __clzdi2
 .text._ZL28read_encoded_value_with_basehjPKhPj
                0x0801124c      0x108 c:/program files (x86)/gnu tools arm embedded/7 2018-q2-update/bin/../lib/gcc/arm-none-eabi/7.3.1/../../../../arm-none-eabi/lib/thumb/v6-m\libstdc++.a(eh_personality.o)
 .text._ZL21base_of_encoded_valuehP15_Unwind_Context.part.3
                0x08011354       0x40 c:/program files (x86)/gnu tools arm embedded/7 2018-q2-update/bin/../lib/gcc/arm-none-eabi/7.3.1/../../../../arm-none-eabi/lib/thumb/v6-m\libstdc++.a(eh_personality.o)
 .text._ZL17parse_lsda_headerP15_Unwind_ContextPKhP16lsda_header_info
                0x08011394       0x9c c:/program files (x86)/gnu tools arm embedded/7 2018-q2-update/bin/../lib/gcc/arm-none-eabi/7.3.1/../../../../arm-none-eabi/lib/thumb/v6-m\libstdc++.a(eh_personality.o)
 .text.__gxx_personality_v0
                0x08011430      0x4c8 c:/program files (x86)/gnu tools arm embedded/7 2018-q2-update/bin/../lib/gcc/arm-none-eabi/7.3.1/../../../../arm-none-eabi/lib/thumb/v6-m\libstdc++.a(eh_personality.o)
                0x08011430                __gxx_personality_v0
 .text._ZN10__cxxabiv1L24__is_gxx_exception_classEPc
                0x080118f8       0x3c c:/program files (x86)/gnu tools arm embedded/7 2018-q2-update/bin/../lib/gcc/arm-none-eabi/7.3.1/../../../../arm-none-eabi/lib/thumb/v6-m\libstdc++.a(eh_call.o)
 .text.__cxa_call_terminate
                0x08011934       0x20 c:/program files (x86)/gnu tools arm embedded/7 2018-q2-update/bin/../lib/gcc/arm-none-eabi/7.3.1/../../../../arm-none-eabi/lib/thumb/v6-m\libstdc++.a(eh_call.o)
                0x08011934                __cxa_call_terminate
 .text.__cxa_call_unexpected
                0x08011954       0xf4 c:/program files (x86)/gnu tools arm embedded/7 2018-q2-update/bin/../lib/gcc/arm-none-eabi/7.3.1/../../../../arm-none-eabi/lib/thumb/v6-m\libstdc++.a(eh_call.o)
                0x08011954                __cxa_call_unexpected
 .text.__cxa_begin_catch